09:48:56.232 [restartedMain] INFO  c.s.SiWuApplication - [logStarting,55] - Starting SiWuApplication using Java 17.0.17 on 192.168.5.44 with PID 68103 (/Volumes/Normal SSD/azh_work/workspace/Siwu-IoT-Views-master/backend/swiot-admin/target/classes started by zhaojunhua in /Volumes/Normal SSD/azh_work/workspace/Siwu-IoT-Views-master/backend)
09:48:56.232 [background-preinit] INFO  o.h.v.i.util.Version - [<clinit>,21] - HV000001: Hibernate Validator 6.2.5.Final
09:48:56.234 [restartedMain] INFO  c.s.SiWuApplication - [logStartupProfileInfo,686] - The following 1 profile is active: "dev"
09:48:57.405 [restartedMain] INFO  o.a.c.h.Http11NioProtocol - [log,173] - Initializing ProtocolHandler ["http-nio-9712"]
09:48:57.405 [restartedMain] INFO  o.a.c.c.StandardService - [log,173] - Starting service [Tomcat]
09:48:57.405 [restartedMain] INFO  o.a.c.c.StandardEngine - [log,173] - Starting Servlet engine: [Apache Tomcat/9.0.75]
09:48:57.452 [restartedMain] INFO  o.a.c.c.C.[.[.[/] - [log,173] - Initializing Spring embedded WebApplicationContext
09:48:58.052 [restartedMain] INFO  c.a.d.p.DruidDataSource - [init,1002] - {dataSource-1} inited
09:48:59.010 [restartedMain] INFO  o.q.i.StdSchedulerFactory - [instantiate,1220] - Using default implementation for ThreadExecutor
09:48:59.014 [restartedMain] INFO  o.q.c.SchedulerSignalerImpl - [<init>,61] - Initialized Scheduler Signaller of type: class org.quartz.core.SchedulerSignalerImpl
09:48:59.014 [restartedMain] INFO  o.q.c.QuartzScheduler - [<init>,229] - Quartz Scheduler v.2.3.2 created.
09:48:59.015 [restartedMain] INFO  o.q.s.RAMJobStore - [initialize,155] - RAMJobStore initialized.
09:48:59.015 [restartedMain] INFO  o.q.c.QuartzScheduler - [initialize,294] - Scheduler meta-data: Quartz Scheduler (v2.3.2) 'quartzScheduler' with instanceId 'NON_CLUSTERED'
  Scheduler class: 'org.quartz.core.QuartzScheduler' - running locally.
  NOT STARTED.
  Currently in standby mode.
  Number of jobs executed: 0
  Using thread pool 'org.quartz.simpl.SimpleThreadPool' - with 10 threads.
  Using job-store 'org.quartz.simpl.RAMJobStore' - which does not support persistence. and is not clustered.

09:48:59.015 [restartedMain] INFO  o.q.i.StdSchedulerFactory - [instantiate,1374] - Quartz scheduler 'quartzScheduler' initialized from an externally provided properties instance.
09:48:59.015 [restartedMain] INFO  o.q.i.StdSchedulerFactory - [instantiate,1378] - Quartz scheduler version: 2.3.2
09:48:59.015 [restartedMain] INFO  o.q.c.QuartzScheduler - [setJobFactory,2293] - JobFactory set to: org.springframework.scheduling.quartz.SpringBeanJobFactory@782eaa3b
09:48:59.150 [restartedMain] INFO  c.g.d.c.c.DataRoomObjectMapperConfiguration - [init,36] - ----------------------------------------
09:48:59.150 [restartedMain] INFO  c.g.d.c.c.DataRoomObjectMapperConfiguration - [init,37] - 注册 Jackson JsonOrgModule 模块
09:48:59.154 [restartedMain] INFO  c.g.d.c.c.DataRoomObjectMapperConfiguration - [init,48] - ----------------------------------------
09:48:59.170 [restartedMain] INFO  c.g.d.c.e.DataRoomGlobalExceptionHandler - [init,30] - ----------------------------------------
09:48:59.170 [restartedMain] INFO  c.g.d.c.e.DataRoomGlobalExceptionHandler - [init,31] - 初始化默认全局异常处理，如果和项目中的全局异常处理冲突，可以在配置文件中配置gc.starter.dataroom.component.DataRoomGlobalExceptionHandler=false禁用该全局异常处理
09:48:59.170 [restartedMain] INFO  c.g.d.c.e.DataRoomGlobalExceptionHandler - [init,32] - ----------------------------------------
09:49:00.720 [restartedMain] INFO  o.a.c.h.Http11NioProtocol - [log,173] - Starting ProtocolHandler ["http-nio-9712"]
09:49:00.746 [restartedMain] INFO  o.q.c.QuartzScheduler - [start,547] - Scheduler quartzScheduler_$_NON_CLUSTERED started.
09:49:00.757 [restartedMain] INFO  c.s.SiWuApplication - [logStarted,61] - Started SiWuApplication in 4.721 seconds (JVM running for 5.072)
09:53:46.927 [http-nio-9712-exec-1] INFO  o.a.c.c.C.[.[.[/] - [log,173] - Initializing Spring DispatcherServlet 'dispatcherServlet'
09:56:39.036 [schedule-pool-1] INFO  sys-user - [run,55] - [127.0.0.1]内网IP[admin][Logout][退出成功]
09:56:51.893 [schedule-pool-2] INFO  sys-user - [run,55] - [127.0.0.1]内网IP[admin][Success][登录成功]
10:09:23.359 [SpringApplicationShutdownHook] INFO  o.q.c.QuartzScheduler - [standby,585] - Scheduler quartzScheduler_$_NON_CLUSTERED paused.
10:09:23.616 [SpringApplicationShutdownHook] INFO  o.q.c.QuartzScheduler - [shutdown,666] - Scheduler quartzScheduler_$_NON_CLUSTERED shutting down.
10:09:23.616 [SpringApplicationShutdownHook] INFO  o.q.c.QuartzScheduler - [standby,585] - Scheduler quartzScheduler_$_NON_CLUSTERED paused.
10:09:23.616 [SpringApplicationShutdownHook] INFO  o.q.c.QuartzScheduler - [shutdown,740] - Scheduler quartzScheduler_$_NON_CLUSTERED shutdown complete.
10:09:23.617 [SpringApplicationShutdownHook] INFO  sys-user - [shutdownAsyncManager,31] - ====关闭后台任务任务线程池====
10:09:23.622 [SpringApplicationShutdownHook] INFO  c.a.d.p.DruidDataSource - [close,2204] - {dataSource-1} closing ...
10:09:23.630 [SpringApplicationShutdownHook] INFO  c.a.d.p.DruidDataSource - [close,2277] - {dataSource-1} closed
10:15:44.335 [background-preinit] INFO  o.h.v.i.util.Version - [<clinit>,21] - HV000001: Hibernate Validator 6.2.5.Final
10:15:44.334 [restartedMain] INFO  c.s.SiWuApplication - [logStarting,55] - Starting SiWuApplication using Java 17.0.17 on 192.168.5.44 with PID 73622 (/Volumes/Normal SSD/azh_work/workspace/Siwu-IoT-Views-master/backend/swiot-admin/target/classes started by zhaojunhua in /Volumes/Normal SSD/azh_work/workspace/Siwu-IoT-Views-master/backend)
10:15:44.339 [restartedMain] INFO  c.s.SiWuApplication - [logStartupProfileInfo,686] - The following 1 profile is active: "dev"
10:15:45.389 [restartedMain] INFO  o.a.c.h.Http11NioProtocol - [log,173] - Initializing ProtocolHandler ["http-nio-9712"]
10:15:45.389 [restartedMain] INFO  o.a.c.c.StandardService - [log,173] - Starting service [Tomcat]
10:15:45.389 [restartedMain] INFO  o.a.c.c.StandardEngine - [log,173] - Starting Servlet engine: [Apache Tomcat/9.0.75]
10:15:45.423 [restartedMain] INFO  o.a.c.c.C.[.[.[/] - [log,173] - Initializing Spring embedded WebApplicationContext
10:15:46.038 [restartedMain] INFO  c.a.d.p.DruidDataSource - [init,1002] - {dataSource-1} inited
10:15:46.895 [restartedMain] INFO  o.q.i.StdSchedulerFactory - [instantiate,1220] - Using default implementation for ThreadExecutor
10:15:46.904 [restartedMain] INFO  o.q.c.SchedulerSignalerImpl - [<init>,61] - Initialized Scheduler Signaller of type: class org.quartz.core.SchedulerSignalerImpl
10:15:46.905 [restartedMain] INFO  o.q.c.QuartzScheduler - [<init>,229] - Quartz Scheduler v.2.3.2 created.
10:15:46.905 [restartedMain] INFO  o.q.s.RAMJobStore - [initialize,155] - RAMJobStore initialized.
10:15:46.905 [restartedMain] INFO  o.q.c.QuartzScheduler - [initialize,294] - Scheduler meta-data: Quartz Scheduler (v2.3.2) 'quartzScheduler' with instanceId 'NON_CLUSTERED'
  Scheduler class: 'org.quartz.core.QuartzScheduler' - running locally.
  NOT STARTED.
  Currently in standby mode.
  Number of jobs executed: 0
  Using thread pool 'org.quartz.simpl.SimpleThreadPool' - with 10 threads.
  Using job-store 'org.quartz.simpl.RAMJobStore' - which does not support persistence. and is not clustered.

10:15:46.905 [restartedMain] INFO  o.q.i.StdSchedulerFactory - [instantiate,1374] - Quartz scheduler 'quartzScheduler' initialized from an externally provided properties instance.
10:15:46.905 [restartedMain] INFO  o.q.i.StdSchedulerFactory - [instantiate,1378] - Quartz scheduler version: 2.3.2
10:15:46.905 [restartedMain] INFO  o.q.c.QuartzScheduler - [setJobFactory,2293] - JobFactory set to: org.springframework.scheduling.quartz.SpringBeanJobFactory@1ebbb502
10:15:46.996 [restartedMain] INFO  c.g.d.c.c.DataRoomObjectMapperConfiguration - [init,35] - ----------------------------------------
10:15:46.996 [restartedMain] INFO  c.g.d.c.c.DataRoomObjectMapperConfiguration - [init,36] - 注册 Jackson JsonOrgModule 模块
10:15:47.000 [restartedMain] INFO  c.g.d.c.c.DataRoomObjectMapperConfiguration - [init,47] - ----------------------------------------
10:15:47.014 [restartedMain] INFO  c.g.d.c.e.DataRoomGlobalExceptionHandler - [init,28] - ----------------------------------------
10:15:47.014 [restartedMain] INFO  c.g.d.c.e.DataRoomGlobalExceptionHandler - [init,29] - 初始化默认全局异常处理，如果和项目中的全局异常处理冲突，可以在配置文件中配置gc.starter.dataroom.component.DataRoomGlobalExceptionHandler=false禁用该全局异常处理
10:15:47.014 [restartedMain] INFO  c.g.d.c.e.DataRoomGlobalExceptionHandler - [init,30] - ----------------------------------------
10:15:48.160 [restartedMain] INFO  o.a.c.h.Http11NioProtocol - [log,173] - Starting ProtocolHandler ["http-nio-9712"]
10:15:48.165 [restartedMain] INFO  o.q.c.QuartzScheduler - [start,547] - Scheduler quartzScheduler_$_NON_CLUSTERED started.
10:15:48.174 [restartedMain] INFO  c.s.SiWuApplication - [logStarted,61] - Started SiWuApplication in 3.988 seconds (JVM running for 4.343)
10:15:53.193 [http-nio-9712-exec-1] INFO  o.a.c.c.C.[.[.[/] - [log,173] - Initializing Spring DispatcherServlet 'dispatcherServlet'
10:33:24.322 [SpringApplicationShutdownHook] INFO  o.q.c.QuartzScheduler - [standby,585] - Scheduler quartzScheduler_$_NON_CLUSTERED paused.
10:33:24.483 [SpringApplicationShutdownHook] INFO  o.q.c.QuartzScheduler - [shutdown,666] - Scheduler quartzScheduler_$_NON_CLUSTERED shutting down.
10:33:24.484 [SpringApplicationShutdownHook] INFO  o.q.c.QuartzScheduler - [standby,585] - Scheduler quartzScheduler_$_NON_CLUSTERED paused.
10:33:24.484 [SpringApplicationShutdownHook] INFO  o.q.c.QuartzScheduler - [shutdown,740] - Scheduler quartzScheduler_$_NON_CLUSTERED shutdown complete.
10:33:24.484 [SpringApplicationShutdownHook] INFO  sys-user - [shutdownAsyncManager,29] - ====关闭后台任务任务线程池====
10:33:24.491 [SpringApplicationShutdownHook] INFO  c.a.d.p.DruidDataSource - [close,2204] - {dataSource-1} closing ...
10:33:24.496 [SpringApplicationShutdownHook] INFO  c.a.d.p.DruidDataSource - [close,2277] - {dataSource-1} closed
10:33:26.464 [background-preinit] INFO  o.h.v.i.util.Version - [<clinit>,21] - HV000001: Hibernate Validator 6.2.5.Final
10:33:26.464 [restartedMain] INFO  c.s.SiWuApplication - [logStarting,55] - Starting SiWuApplication using Java 17.0.17 on 192.168.5.44 with PID 74310 (/Volumes/Normal SSD/azh_work/workspace/Siwu-IoT-Views-master/backend/swiot-admin/target/classes started by zhaojunhua in /Volumes/Normal SSD/azh_work/workspace/Siwu-IoT-Views-master/backend)
10:33:26.465 [restartedMain] INFO  c.s.SiWuApplication - [logStartupProfileInfo,686] - The following 1 profile is active: "dev"
10:33:27.604 [restartedMain] INFO  o.a.c.h.Http11NioProtocol - [log,173] - Initializing ProtocolHandler ["http-nio-9712"]
10:33:27.604 [restartedMain] INFO  o.a.c.c.StandardService - [log,173] - Starting service [Tomcat]
10:33:27.604 [restartedMain] INFO  o.a.c.c.StandardEngine - [log,173] - Starting Servlet engine: [Apache Tomcat/9.0.75]
10:33:27.643 [restartedMain] INFO  o.a.c.c.C.[.[.[/] - [log,173] - Initializing Spring embedded WebApplicationContext
10:33:28.287 [restartedMain] INFO  c.a.d.p.DruidDataSource - [init,1002] - {dataSource-1} inited
10:33:29.300 [restartedMain] INFO  o.q.i.StdSchedulerFactory - [instantiate,1220] - Using default implementation for ThreadExecutor
10:33:29.304 [restartedMain] INFO  o.q.c.SchedulerSignalerImpl - [<init>,61] - Initialized Scheduler Signaller of type: class org.quartz.core.SchedulerSignalerImpl
10:33:29.304 [restartedMain] INFO  o.q.c.QuartzScheduler - [<init>,229] - Quartz Scheduler v.2.3.2 created.
10:33:29.305 [restartedMain] INFO  o.q.s.RAMJobStore - [initialize,155] - RAMJobStore initialized.
10:33:29.305 [restartedMain] INFO  o.q.c.QuartzScheduler - [initialize,294] - Scheduler meta-data: Quartz Scheduler (v2.3.2) 'quartzScheduler' with instanceId 'NON_CLUSTERED'
  Scheduler class: 'org.quartz.core.QuartzScheduler' - running locally.
  NOT STARTED.
  Currently in standby mode.
  Number of jobs executed: 0
  Using thread pool 'org.quartz.simpl.SimpleThreadPool' - with 10 threads.
  Using job-store 'org.quartz.simpl.RAMJobStore' - which does not support persistence. and is not clustered.

10:33:29.305 [restartedMain] INFO  o.q.i.StdSchedulerFactory - [instantiate,1374] - Quartz scheduler 'quartzScheduler' initialized from an externally provided properties instance.
10:33:29.305 [restartedMain] INFO  o.q.i.StdSchedulerFactory - [instantiate,1378] - Quartz scheduler version: 2.3.2
10:33:29.305 [restartedMain] INFO  o.q.c.QuartzScheduler - [setJobFactory,2293] - JobFactory set to: org.springframework.scheduling.quartz.SpringBeanJobFactory@75eccb
10:33:29.420 [restartedMain] INFO  c.g.d.c.c.DataRoomObjectMapperConfiguration - [init,35] - ----------------------------------------
10:33:29.420 [restartedMain] INFO  c.g.d.c.c.DataRoomObjectMapperConfiguration - [init,36] - 注册 Jackson JsonOrgModule 模块
10:33:29.425 [restartedMain] INFO  c.g.d.c.c.DataRoomObjectMapperConfiguration - [init,47] - ----------------------------------------
10:33:29.439 [restartedMain] INFO  c.g.d.c.e.DataRoomGlobalExceptionHandler - [init,28] - ----------------------------------------
10:33:29.440 [restartedMain] INFO  c.g.d.c.e.DataRoomGlobalExceptionHandler - [init,29] - 初始化默认全局异常处理，如果和项目中的全局异常处理冲突，可以在配置文件中配置gc.starter.dataroom.component.DataRoomGlobalExceptionHandler=false禁用该全局异常处理
10:33:29.440 [restartedMain] INFO  c.g.d.c.e.DataRoomGlobalExceptionHandler - [init,30] - ----------------------------------------
10:33:30.842 [restartedMain] INFO  o.a.c.h.Http11NioProtocol - [log,173] - Starting ProtocolHandler ["http-nio-9712"]
10:33:30.847 [restartedMain] INFO  o.q.c.QuartzScheduler - [start,547] - Scheduler quartzScheduler_$_NON_CLUSTERED started.
10:33:30.855 [restartedMain] INFO  c.s.SiWuApplication - [logStarted,61] - Started SiWuApplication in 4.526 seconds (JVM running for 4.927)
10:33:39.460 [http-nio-9712-exec-1] INFO  o.a.c.c.C.[.[.[/] - [log,173] - Initializing Spring DispatcherServlet 'dispatcherServlet'
10:36:38.644 [SpringApplicationShutdownHook] INFO  o.q.c.QuartzScheduler - [standby,585] - Scheduler quartzScheduler_$_NON_CLUSTERED paused.
10:36:39.200 [SpringApplicationShutdownHook] INFO  o.q.c.QuartzScheduler - [shutdown,666] - Scheduler quartzScheduler_$_NON_CLUSTERED shutting down.
10:36:39.200 [SpringApplicationShutdownHook] INFO  o.q.c.QuartzScheduler - [standby,585] - Scheduler quartzScheduler_$_NON_CLUSTERED paused.
10:36:39.200 [SpringApplicationShutdownHook] INFO  o.q.c.QuartzScheduler - [shutdown,740] - Scheduler quartzScheduler_$_NON_CLUSTERED shutdown complete.
10:36:39.200 [SpringApplicationShutdownHook] INFO  sys-user - [shutdownAsyncManager,29] - ====关闭后台任务任务线程池====
10:36:39.206 [SpringApplicationShutdownHook] INFO  c.a.d.p.DruidDataSource - [close,2204] - {dataSource-1} closing ...
10:36:39.213 [SpringApplicationShutdownHook] INFO  c.a.d.p.DruidDataSource - [close,2277] - {dataSource-1} closed
10:36:40.776 [restartedMain] INFO  c.s.SiWuApplication - [logStarting,55] - Starting SiWuApplication using Java 17.0.17 on 192.168.5.44 with PID 74427 (/Volumes/Normal SSD/azh_work/workspace/Siwu-IoT-Views-master/backend/swiot-admin/target/classes started by zhaojunhua in /Volumes/Normal SSD/azh_work/workspace/Siwu-IoT-Views-master/backend)
10:36:40.776 [background-preinit] INFO  o.h.v.i.util.Version - [<clinit>,21] - HV000001: Hibernate Validator 6.2.5.Final
10:36:40.777 [restartedMain] INFO  c.s.SiWuApplication - [logStartupProfileInfo,686] - The following 1 profile is active: "dev"
10:36:41.837 [restartedMain] INFO  o.a.c.h.Http11NioProtocol - [log,173] - Initializing ProtocolHandler ["http-nio-9712"]
10:36:41.838 [restartedMain] INFO  o.a.c.c.StandardService - [log,173] - Starting service [Tomcat]
10:36:41.838 [restartedMain] INFO  o.a.c.c.StandardEngine - [log,173] - Starting Servlet engine: [Apache Tomcat/9.0.75]
10:36:41.876 [restartedMain] INFO  o.a.c.c.C.[.[.[/] - [log,173] - Initializing Spring embedded WebApplicationContext
10:36:42.526 [restartedMain] INFO  c.a.d.p.DruidDataSource - [init,1002] - {dataSource-1} inited
10:36:43.385 [restartedMain] INFO  o.q.i.StdSchedulerFactory - [instantiate,1220] - Using default implementation for ThreadExecutor
10:36:43.390 [restartedMain] INFO  o.q.c.SchedulerSignalerImpl - [<init>,61] - Initialized Scheduler Signaller of type: class org.quartz.core.SchedulerSignalerImpl
10:36:43.390 [restartedMain] INFO  o.q.c.QuartzScheduler - [<init>,229] - Quartz Scheduler v.2.3.2 created.
10:36:43.391 [restartedMain] INFO  o.q.s.RAMJobStore - [initialize,155] - RAMJobStore initialized.
10:36:43.391 [restartedMain] INFO  o.q.c.QuartzScheduler - [initialize,294] - Scheduler meta-data: Quartz Scheduler (v2.3.2) 'quartzScheduler' with instanceId 'NON_CLUSTERED'
  Scheduler class: 'org.quartz.core.QuartzScheduler' - running locally.
  NOT STARTED.
  Currently in standby mode.
  Number of jobs executed: 0
  Using thread pool 'org.quartz.simpl.SimpleThreadPool' - with 10 threads.
  Using job-store 'org.quartz.simpl.RAMJobStore' - which does not support persistence. and is not clustered.

10:36:43.391 [restartedMain] INFO  o.q.i.StdSchedulerFactory - [instantiate,1374] - Quartz scheduler 'quartzScheduler' initialized from an externally provided properties instance.
10:36:43.391 [restartedMain] INFO  o.q.i.StdSchedulerFactory - [instantiate,1378] - Quartz scheduler version: 2.3.2
10:36:43.391 [restartedMain] INFO  o.q.c.QuartzScheduler - [setJobFactory,2293] - JobFactory set to: org.springframework.scheduling.quartz.SpringBeanJobFactory@5b4d0ad9
10:36:43.512 [restartedMain] INFO  c.g.d.c.c.DataRoomObjectMapperConfiguration - [init,35] - ----------------------------------------
10:36:43.513 [restartedMain] INFO  c.g.d.c.c.DataRoomObjectMapperConfiguration - [init,36] - 注册 Jackson JsonOrgModule 模块
10:36:43.517 [restartedMain] INFO  c.g.d.c.c.DataRoomObjectMapperConfiguration - [init,47] - ----------------------------------------
10:36:43.534 [restartedMain] INFO  c.g.d.c.e.DataRoomGlobalExceptionHandler - [init,28] - ----------------------------------------
10:36:43.534 [restartedMain] INFO  c.g.d.c.e.DataRoomGlobalExceptionHandler - [init,29] - 初始化默认全局异常处理，如果和项目中的全局异常处理冲突，可以在配置文件中配置gc.starter.dataroom.component.DataRoomGlobalExceptionHandler=false禁用该全局异常处理
10:36:43.534 [restartedMain] INFO  c.g.d.c.e.DataRoomGlobalExceptionHandler - [init,30] - ----------------------------------------
10:36:44.804 [restartedMain] INFO  o.a.c.h.Http11NioProtocol - [log,173] - Starting ProtocolHandler ["http-nio-9712"]
10:36:44.809 [restartedMain] INFO  o.q.c.QuartzScheduler - [start,547] - Scheduler quartzScheduler_$_NON_CLUSTERED started.
10:36:44.816 [restartedMain] INFO  c.s.SiWuApplication - [logStarted,61] - Started SiWuApplication in 4.205 seconds (JVM running for 4.472)
10:36:50.355 [http-nio-9712-exec-1] INFO  o.a.c.c.C.[.[.[/] - [log,173] - Initializing Spring DispatcherServlet 'dispatcherServlet'
10:46:05.271 [SpringApplicationShutdownHook] INFO  o.q.c.QuartzScheduler - [standby,585] - Scheduler quartzScheduler_$_NON_CLUSTERED paused.
10:46:05.444 [SpringApplicationShutdownHook] INFO  o.q.c.QuartzScheduler - [shutdown,666] - Scheduler quartzScheduler_$_NON_CLUSTERED shutting down.
10:46:05.445 [SpringApplicationShutdownHook] INFO  o.q.c.QuartzScheduler - [standby,585] - Scheduler quartzScheduler_$_NON_CLUSTERED paused.
10:46:05.445 [SpringApplicationShutdownHook] INFO  o.q.c.QuartzScheduler - [shutdown,740] - Scheduler quartzScheduler_$_NON_CLUSTERED shutdown complete.
10:46:05.445 [SpringApplicationShutdownHook] INFO  sys-user - [shutdownAsyncManager,29] - ====关闭后台任务任务线程池====
10:46:05.485 [SpringApplicationShutdownHook] INFO  c.a.d.p.DruidDataSource - [close,2204] - {dataSource-1} closing ...
10:46:05.500 [SpringApplicationShutdownHook] INFO  c.a.d.p.DruidDataSource - [close,2277] - {dataSource-1} closed
10:46:06.879 [background-preinit] INFO  o.h.v.i.util.Version - [<clinit>,21] - HV000001: Hibernate Validator 6.2.5.Final
10:46:06.878 [restartedMain] INFO  c.s.SiWuApplication - [logStarting,55] - Starting SiWuApplication using Java 17.0.17 on 192.168.5.44 with PID 74712 (/Volumes/Normal SSD/azh_work/workspace/Siwu-IoT-Views-master/backend/swiot-admin/target/classes started by zhaojunhua in /Volumes/Normal SSD/azh_work/workspace/Siwu-IoT-Views-master/backend)
10:46:06.880 [restartedMain] INFO  c.s.SiWuApplication - [logStartupProfileInfo,686] - The following 1 profile is active: "dev"
10:46:08.076 [restartedMain] INFO  o.a.c.h.Http11NioProtocol - [log,173] - Initializing ProtocolHandler ["http-nio-9712"]
10:46:08.077 [restartedMain] INFO  o.a.c.c.StandardService - [log,173] - Starting service [Tomcat]
10:46:08.077 [restartedMain] INFO  o.a.c.c.StandardEngine - [log,173] - Starting Servlet engine: [Apache Tomcat/9.0.75]
10:46:08.107 [restartedMain] INFO  o.a.c.c.C.[.[.[/] - [log,173] - Initializing Spring embedded WebApplicationContext
10:46:08.797 [restartedMain] INFO  c.a.d.p.DruidDataSource - [init,1002] - {dataSource-1} inited
10:46:09.823 [restartedMain] INFO  o.q.i.StdSchedulerFactory - [instantiate,1220] - Using default implementation for ThreadExecutor
10:46:09.828 [restartedMain] INFO  o.q.c.SchedulerSignalerImpl - [<init>,61] - Initialized Scheduler Signaller of type: class org.quartz.core.SchedulerSignalerImpl
10:46:09.828 [restartedMain] INFO  o.q.c.QuartzScheduler - [<init>,229] - Quartz Scheduler v.2.3.2 created.
10:46:09.828 [restartedMain] INFO  o.q.s.RAMJobStore - [initialize,155] - RAMJobStore initialized.
10:46:09.829 [restartedMain] INFO  o.q.c.QuartzScheduler - [initialize,294] - Scheduler meta-data: Quartz Scheduler (v2.3.2) 'quartzScheduler' with instanceId 'NON_CLUSTERED'
  Scheduler class: 'org.quartz.core.QuartzScheduler' - running locally.
  NOT STARTED.
  Currently in standby mode.
  Number of jobs executed: 0
  Using thread pool 'org.quartz.simpl.SimpleThreadPool' - with 10 threads.
  Using job-store 'org.quartz.simpl.RAMJobStore' - which does not support persistence. and is not clustered.

10:46:09.829 [restartedMain] INFO  o.q.i.StdSchedulerFactory - [instantiate,1374] - Quartz scheduler 'quartzScheduler' initialized from an externally provided properties instance.
10:46:09.829 [restartedMain] INFO  o.q.i.StdSchedulerFactory - [instantiate,1378] - Quartz scheduler version: 2.3.2
10:46:09.829 [restartedMain] INFO  o.q.c.QuartzScheduler - [setJobFactory,2293] - JobFactory set to: org.springframework.scheduling.quartz.SpringBeanJobFactory@2c12b56
10:46:09.933 [restartedMain] INFO  c.g.d.c.c.DataRoomObjectMapperConfiguration - [init,35] - ----------------------------------------
10:46:09.934 [restartedMain] INFO  c.g.d.c.c.DataRoomObjectMapperConfiguration - [init,36] - 注册 Jackson JsonOrgModule 模块
10:46:09.938 [restartedMain] INFO  c.g.d.c.c.DataRoomObjectMapperConfiguration - [init,47] - ----------------------------------------
10:46:09.955 [restartedMain] INFO  c.g.d.c.e.DataRoomGlobalExceptionHandler - [init,28] - ----------------------------------------
10:46:09.955 [restartedMain] INFO  c.g.d.c.e.DataRoomGlobalExceptionHandler - [init,29] - 初始化默认全局异常处理，如果和项目中的全局异常处理冲突，可以在配置文件中配置gc.starter.dataroom.component.DataRoomGlobalExceptionHandler=false禁用该全局异常处理
10:46:09.955 [restartedMain] INFO  c.g.d.c.e.DataRoomGlobalExceptionHandler - [init,30] - ----------------------------------------
10:46:11.362 [restartedMain] INFO  o.a.c.h.Http11NioProtocol - [log,173] - Starting ProtocolHandler ["http-nio-9712"]
10:46:11.369 [restartedMain] INFO  o.q.c.QuartzScheduler - [start,547] - Scheduler quartzScheduler_$_NON_CLUSTERED started.
10:46:11.378 [restartedMain] INFO  c.s.SiWuApplication - [logStarted,61] - Started SiWuApplication in 4.701 seconds (JVM running for 5.055)
10:46:45.724 [http-nio-9712-exec-1] INFO  o.a.c.c.C.[.[.[/] - [log,173] - Initializing Spring DispatcherServlet 'dispatcherServlet'
10:49:06.556 [http-nio-9712-exec-4] INFO  c.g.d.c.m.c.s.BaseChartDataService - [dataSetDataQuery,191] - 查询数据集数据，参数：[{"name":"username","type":"string","value":"jonehoo","status":1,"require":null,"remark":null},{"name":"password","type":"string","value":"427819aa..","status":1,"require":null,"remark":null},{"name":"url","type":"string","value":"119.4.52.122:1883","status":1,"require":null,"remark":null}]
10:49:06.556 [http-nio-9712-exec-5] INFO  c.g.d.c.m.c.s.BaseChartDataService - [dataSetDataQuery,191] - 查询数据集数据，参数：[{"name":"username","type":"string","value":"jonehoo","status":1,"require":null,"remark":null},{"name":"password","type":"string","value":"427819aa..","status":1,"require":null,"remark":null},{"name":"url","type":"string","value":"119.4.52.122:1883","status":1,"require":null,"remark":null}]
10:50:48.032 [http-nio-9712-exec-7] INFO  c.g.d.c.m.c.s.BaseChartDataService - [dataSetDataQuery,191] - 查询数据集数据，参数：[{"name":"username","type":"string","value":"jonehoo","status":1,"require":null,"remark":null},{"name":"password","type":"string","value":"427819aa..","status":1,"require":null,"remark":null},{"name":"url","type":"string","value":"119.4.52.122:1883","status":1,"require":null,"remark":null}]
10:50:48.033 [http-nio-9712-exec-11] INFO  c.g.d.c.m.c.s.BaseChartDataService - [dataSetDataQuery,191] - 查询数据集数据，参数：[{"name":"username","type":"string","value":"jonehoo","status":1,"require":null,"remark":null},{"name":"password","type":"string","value":"427819aa..","status":1,"require":null,"remark":null},{"name":"url","type":"string","value":"119.4.52.122:1883","status":1,"require":null,"remark":null}]
10:54:33.420 [http-nio-9712-exec-14] INFO  c.g.d.c.m.m.s.i.DataRoomPageServiceImpl - [saveCoverPicture,144] - 大屏封面保存至：cover/bigScreen_qhaHz1NsOl.png
12:27:43.632 [SpringApplicationShutdownHook] INFO  o.q.c.QuartzScheduler - [standby,585] - Scheduler quartzScheduler_$_NON_CLUSTERED paused.
12:27:43.777 [SpringApplicationShutdownHook] INFO  o.q.c.QuartzScheduler - [shutdown,666] - Scheduler quartzScheduler_$_NON_CLUSTERED shutting down.
12:27:43.778 [SpringApplicationShutdownHook] INFO  o.q.c.QuartzScheduler - [standby,585] - Scheduler quartzScheduler_$_NON_CLUSTERED paused.
12:27:43.778 [SpringApplicationShutdownHook] INFO  o.q.c.QuartzScheduler - [shutdown,740] - Scheduler quartzScheduler_$_NON_CLUSTERED shutdown complete.
12:27:43.778 [SpringApplicationShutdownHook] INFO  sys-user - [shutdownAsyncManager,29] - ====关闭后台任务任务线程池====
12:27:43.783 [SpringApplicationShutdownHook] INFO  c.a.d.p.DruidDataSource - [close,2204] - {dataSource-1} closing ...
12:27:43.784 [SpringApplicationShutdownHook] INFO  c.a.d.p.DruidDataSource - [close,2277] - {dataSource-1} closed
12:27:47.295 [background-preinit] INFO  o.h.v.i.util.Version - [<clinit>,21] - HV000001: Hibernate Validator 6.2.5.Final
12:27:47.295 [restartedMain] INFO  c.s.SiWuApplication - [logStarting,55] - Starting SiWuApplication using Java 17.0.17 on 192.168.5.44 with PID 78430 (/Volumes/Normal SSD/azh_work/workspace/Siwu-IoT-Views-master/backend/swiot-admin/target/classes started by zhaojunhua in /Volumes/Normal SSD/azh_work/workspace/Siwu-IoT-Views-master/backend)
12:27:47.296 [restartedMain] INFO  c.s.SiWuApplication - [logStartupProfileInfo,686] - The following 1 profile is active: "dev"
12:27:48.599 [restartedMain] INFO  o.a.c.h.Http11NioProtocol - [log,173] - Initializing ProtocolHandler ["http-nio-9712"]
12:27:48.599 [restartedMain] INFO  o.a.c.c.StandardService - [log,173] - Starting service [Tomcat]
12:27:48.600 [restartedMain] INFO  o.a.c.c.StandardEngine - [log,173] - Starting Servlet engine: [Apache Tomcat/9.0.75]
12:27:48.633 [restartedMain] INFO  o.a.c.c.C.[.[.[/] - [log,173] - Initializing Spring embedded WebApplicationContext
12:27:49.368 [restartedMain] INFO  c.a.d.p.DruidDataSource - [init,1002] - {dataSource-1} inited
12:27:50.457 [restartedMain] INFO  o.q.i.StdSchedulerFactory - [instantiate,1220] - Using default implementation for ThreadExecutor
12:27:50.463 [restartedMain] INFO  o.q.c.SchedulerSignalerImpl - [<init>,61] - Initialized Scheduler Signaller of type: class org.quartz.core.SchedulerSignalerImpl
12:27:50.463 [restartedMain] INFO  o.q.c.QuartzScheduler - [<init>,229] - Quartz Scheduler v.2.3.2 created.
12:27:50.463 [restartedMain] INFO  o.q.s.RAMJobStore - [initialize,155] - RAMJobStore initialized.
12:27:50.464 [restartedMain] INFO  o.q.c.QuartzScheduler - [initialize,294] - Scheduler meta-data: Quartz Scheduler (v2.3.2) 'quartzScheduler' with instanceId 'NON_CLUSTERED'
  Scheduler class: 'org.quartz.core.QuartzScheduler' - running locally.
  NOT STARTED.
  Currently in standby mode.
  Number of jobs executed: 0
  Using thread pool 'org.quartz.simpl.SimpleThreadPool' - with 10 threads.
  Using job-store 'org.quartz.simpl.RAMJobStore' - which does not support persistence. and is not clustered.

12:27:50.464 [restartedMain] INFO  o.q.i.StdSchedulerFactory - [instantiate,1374] - Quartz scheduler 'quartzScheduler' initialized from an externally provided properties instance.
12:27:50.464 [restartedMain] INFO  o.q.i.StdSchedulerFactory - [instantiate,1378] - Quartz scheduler version: 2.3.2
12:27:50.464 [restartedMain] INFO  o.q.c.QuartzScheduler - [setJobFactory,2293] - JobFactory set to: org.springframework.scheduling.quartz.SpringBeanJobFactory@3c5ca5ed
12:27:50.581 [restartedMain] INFO  c.g.d.c.c.DataRoomObjectMapperConfiguration - [init,35] - ----------------------------------------
12:27:50.581 [restartedMain] INFO  c.g.d.c.c.DataRoomObjectMapperConfiguration - [init,36] - 注册 Jackson JsonOrgModule 模块
12:27:50.586 [restartedMain] INFO  c.g.d.c.c.DataRoomObjectMapperConfiguration - [init,47] - ----------------------------------------
12:27:50.609 [restartedMain] INFO  c.g.d.c.e.DataRoomGlobalExceptionHandler - [init,28] - ----------------------------------------
12:27:50.609 [restartedMain] INFO  c.g.d.c.e.DataRoomGlobalExceptionHandler - [init,29] - 初始化默认全局异常处理，如果和项目中的全局异常处理冲突，可以在配置文件中配置gc.starter.dataroom.component.DataRoomGlobalExceptionHandler=false禁用该全局异常处理
12:27:50.609 [restartedMain] INFO  c.g.d.c.e.DataRoomGlobalExceptionHandler - [init,30] - ----------------------------------------
12:27:52.353 [restartedMain] INFO  o.a.c.h.Http11NioProtocol - [log,173] - Starting ProtocolHandler ["http-nio-9712"]
12:27:52.363 [restartedMain] INFO  o.q.c.QuartzScheduler - [start,547] - Scheduler quartzScheduler_$_NON_CLUSTERED started.
12:27:52.375 [restartedMain] INFO  c.s.SiWuApplication - [logStarted,61] - Started SiWuApplication in 5.276 seconds (JVM running for 6.027)
12:28:11.855 [http-nio-9712-exec-1] INFO  o.a.c.c.C.[.[.[/] - [log,173] - Initializing Spring DispatcherServlet 'dispatcherServlet'
12:35:38.282 [SpringApplicationShutdownHook] INFO  o.q.c.QuartzScheduler - [standby,585] - Scheduler quartzScheduler_$_NON_CLUSTERED paused.
12:35:38.419 [SpringApplicationShutdownHook] INFO  o.q.c.QuartzScheduler - [shutdown,666] - Scheduler quartzScheduler_$_NON_CLUSTERED shutting down.
12:35:38.420 [SpringApplicationShutdownHook] INFO  o.q.c.QuartzScheduler - [standby,585] - Scheduler quartzScheduler_$_NON_CLUSTERED paused.
12:35:38.420 [SpringApplicationShutdownHook] INFO  o.q.c.QuartzScheduler - [shutdown,740] - Scheduler quartzScheduler_$_NON_CLUSTERED shutdown complete.
12:35:38.420 [SpringApplicationShutdownHook] INFO  sys-user - [shutdownAsyncManager,29] - ====关闭后台任务任务线程池====
12:35:38.426 [SpringApplicationShutdownHook] INFO  c.a.d.p.DruidDataSource - [close,2204] - {dataSource-1} closing ...
12:35:38.434 [SpringApplicationShutdownHook] INFO  c.a.d.p.DruidDataSource - [close,2277] - {dataSource-1} closed
12:36:08.501 [background-preinit] INFO  o.h.v.i.util.Version - [<clinit>,21] - HV000001: Hibernate Validator 6.2.5.Final
12:36:08.506 [restartedMain] INFO  c.s.SiWuApplication - [logStarting,55] - Starting SiWuApplication using Java 17.0.17 on 192.168.5.44 with PID 78758 (/Volumes/Normal SSD/azh_work/workspace/Siwu-IoT-Views-master/backend/swiot-admin/target/classes started by zhaojunhua in /Volumes/Normal SSD/azh_work/workspace/Siwu-IoT-Views-master/backend)
12:36:08.507 [restartedMain] INFO  c.s.SiWuApplication - [logStartupProfileInfo,686] - The following 1 profile is active: "dev"
12:36:09.744 [restartedMain] INFO  o.a.c.h.Http11NioProtocol - [log,173] - Initializing ProtocolHandler ["http-nio-9712"]
12:36:09.745 [restartedMain] INFO  o.a.c.c.StandardService - [log,173] - Starting service [Tomcat]
12:36:09.745 [restartedMain] INFO  o.a.c.c.StandardEngine - [log,173] - Starting Servlet engine: [Apache Tomcat/9.0.75]
12:36:09.784 [restartedMain] INFO  o.a.c.c.C.[.[.[/] - [log,173] - Initializing Spring embedded WebApplicationContext
12:36:10.396 [restartedMain] INFO  c.a.d.p.DruidDataSource - [init,1002] - {dataSource-1} inited
12:36:11.262 [restartedMain] INFO  o.q.i.StdSchedulerFactory - [instantiate,1220] - Using default implementation for ThreadExecutor
12:36:11.267 [restartedMain] INFO  o.q.c.SchedulerSignalerImpl - [<init>,61] - Initialized Scheduler Signaller of type: class org.quartz.core.SchedulerSignalerImpl
12:36:11.267 [restartedMain] INFO  o.q.c.QuartzScheduler - [<init>,229] - Quartz Scheduler v.2.3.2 created.
12:36:11.267 [restartedMain] INFO  o.q.s.RAMJobStore - [initialize,155] - RAMJobStore initialized.
12:36:11.267 [restartedMain] INFO  o.q.c.QuartzScheduler - [initialize,294] - Scheduler meta-data: Quartz Scheduler (v2.3.2) 'quartzScheduler' with instanceId 'NON_CLUSTERED'
  Scheduler class: 'org.quartz.core.QuartzScheduler' - running locally.
  NOT STARTED.
  Currently in standby mode.
  Number of jobs executed: 0
  Using thread pool 'org.quartz.simpl.SimpleThreadPool' - with 10 threads.
  Using job-store 'org.quartz.simpl.RAMJobStore' - which does not support persistence. and is not clustered.

12:36:11.267 [restartedMain] INFO  o.q.i.StdSchedulerFactory - [instantiate,1374] - Quartz scheduler 'quartzScheduler' initialized from an externally provided properties instance.
12:36:11.267 [restartedMain] INFO  o.q.i.StdSchedulerFactory - [instantiate,1378] - Quartz scheduler version: 2.3.2
12:36:11.268 [restartedMain] INFO  o.q.c.QuartzScheduler - [setJobFactory,2293] - JobFactory set to: org.springframework.scheduling.quartz.SpringBeanJobFactory@4d6119d6
12:36:11.373 [restartedMain] INFO  c.g.d.c.c.DataRoomObjectMapperConfiguration - [init,35] - ----------------------------------------
12:36:11.373 [restartedMain] INFO  c.g.d.c.c.DataRoomObjectMapperConfiguration - [init,36] - 注册 Jackson JsonOrgModule 模块
12:36:11.380 [restartedMain] INFO  c.g.d.c.c.DataRoomObjectMapperConfiguration - [init,47] - ----------------------------------------
12:36:11.393 [restartedMain] INFO  c.g.d.c.e.DataRoomGlobalExceptionHandler - [init,28] - ----------------------------------------
12:36:11.393 [restartedMain] INFO  c.g.d.c.e.DataRoomGlobalExceptionHandler - [init,29] - 初始化默认全局异常处理，如果和项目中的全局异常处理冲突，可以在配置文件中配置gc.starter.dataroom.component.DataRoomGlobalExceptionHandler=false禁用该全局异常处理
12:36:11.393 [restartedMain] INFO  c.g.d.c.e.DataRoomGlobalExceptionHandler - [init,30] - ----------------------------------------
12:36:12.592 [restartedMain] INFO  o.a.c.h.Http11NioProtocol - [log,173] - Starting ProtocolHandler ["http-nio-9712"]
12:36:12.597 [restartedMain] INFO  o.q.c.QuartzScheduler - [start,547] - Scheduler quartzScheduler_$_NON_CLUSTERED started.
12:36:12.604 [restartedMain] INFO  c.s.SiWuApplication - [logStarted,61] - Started SiWuApplication in 4.281 seconds (JVM running for 4.756)
12:36:18.478 [http-nio-9712-exec-1] INFO  o.a.c.c.C.[.[.[/] - [log,173] - Initializing Spring DispatcherServlet 'dispatcherServlet'
12:39:04.924 [SpringApplicationShutdownHook] INFO  o.q.c.QuartzScheduler - [standby,585] - Scheduler quartzScheduler_$_NON_CLUSTERED paused.
12:39:05.063 [SpringApplicationShutdownHook] INFO  o.q.c.QuartzScheduler - [shutdown,666] - Scheduler quartzScheduler_$_NON_CLUSTERED shutting down.
12:39:05.063 [SpringApplicationShutdownHook] INFO  o.q.c.QuartzScheduler - [standby,585] - Scheduler quartzScheduler_$_NON_CLUSTERED paused.
12:39:05.064 [SpringApplicationShutdownHook] INFO  o.q.c.QuartzScheduler - [shutdown,740] - Scheduler quartzScheduler_$_NON_CLUSTERED shutdown complete.
12:39:05.064 [SpringApplicationShutdownHook] INFO  sys-user - [shutdownAsyncManager,29] - ====关闭后台任务任务线程池====
12:39:05.070 [SpringApplicationShutdownHook] INFO  c.a.d.p.DruidDataSource - [close,2204] - {dataSource-1} closing ...
12:39:05.078 [SpringApplicationShutdownHook] INFO  c.a.d.p.DruidDataSource - [close,2277] - {dataSource-1} closed
12:39:06.320 [background-preinit] INFO  o.h.v.i.util.Version - [<clinit>,21] - HV000001: Hibernate Validator 6.2.5.Final
12:39:06.322 [restartedMain] INFO  c.s.SiWuApplication - [logStarting,55] - Starting SiWuApplication using Java 17.0.17 on 192.168.5.44 with PID 78910 (/Volumes/Normal SSD/azh_work/workspace/Siwu-IoT-Views-master/backend/swiot-admin/target/classes started by zhaojunhua in /Volumes/Normal SSD/azh_work/workspace/Siwu-IoT-Views-master/backend)
12:39:06.322 [restartedMain] INFO  c.s.SiWuApplication - [logStartupProfileInfo,686] - The following 1 profile is active: "dev"
12:39:07.338 [restartedMain] INFO  o.a.c.h.Http11NioProtocol - [log,173] - Initializing ProtocolHandler ["http-nio-9712"]
12:39:07.339 [restartedMain] INFO  o.a.c.c.StandardService - [log,173] - Starting service [Tomcat]
12:39:07.339 [restartedMain] INFO  o.a.c.c.StandardEngine - [log,173] - Starting Servlet engine: [Apache Tomcat/9.0.75]
12:39:07.376 [restartedMain] INFO  o.a.c.c.C.[.[.[/] - [log,173] - Initializing Spring embedded WebApplicationContext
12:39:07.939 [restartedMain] INFO  c.a.d.p.DruidDataSource - [init,1002] - {dataSource-1} inited
12:39:08.757 [restartedMain] INFO  o.q.i.StdSchedulerFactory - [instantiate,1220] - Using default implementation for ThreadExecutor
12:39:08.761 [restartedMain] INFO  o.q.c.SchedulerSignalerImpl - [<init>,61] - Initialized Scheduler Signaller of type: class org.quartz.core.SchedulerSignalerImpl
12:39:08.761 [restartedMain] INFO  o.q.c.QuartzScheduler - [<init>,229] - Quartz Scheduler v.2.3.2 created.
12:39:08.761 [restartedMain] INFO  o.q.s.RAMJobStore - [initialize,155] - RAMJobStore initialized.
12:39:08.761 [restartedMain] INFO  o.q.c.QuartzScheduler - [initialize,294] - Scheduler meta-data: Quartz Scheduler (v2.3.2) 'quartzScheduler' with instanceId 'NON_CLUSTERED'
  Scheduler class: 'org.quartz.core.QuartzScheduler' - running locally.
  NOT STARTED.
  Currently in standby mode.
  Number of jobs executed: 0
  Using thread pool 'org.quartz.simpl.SimpleThreadPool' - with 10 threads.
  Using job-store 'org.quartz.simpl.RAMJobStore' - which does not support persistence. and is not clustered.

12:39:08.762 [restartedMain] INFO  o.q.i.StdSchedulerFactory - [instantiate,1374] - Quartz scheduler 'quartzScheduler' initialized from an externally provided properties instance.
12:39:08.762 [restartedMain] INFO  o.q.i.StdSchedulerFactory - [instantiate,1378] - Quartz scheduler version: 2.3.2
12:39:08.762 [restartedMain] INFO  o.q.c.QuartzScheduler - [setJobFactory,2293] - JobFactory set to: org.springframework.scheduling.quartz.SpringBeanJobFactory@5b49c8e2
12:39:08.860 [restartedMain] INFO  c.g.d.c.c.DataRoomObjectMapperConfiguration - [init,35] - ----------------------------------------
12:39:08.860 [restartedMain] INFO  c.g.d.c.c.DataRoomObjectMapperConfiguration - [init,36] - 注册 Jackson JsonOrgModule 模块
12:39:08.864 [restartedMain] INFO  c.g.d.c.c.DataRoomObjectMapperConfiguration - [init,47] - ----------------------------------------
12:39:08.882 [restartedMain] INFO  c.g.d.c.e.DataRoomGlobalExceptionHandler - [init,28] - ----------------------------------------
12:39:08.882 [restartedMain] INFO  c.g.d.c.e.DataRoomGlobalExceptionHandler - [init,29] - 初始化默认全局异常处理，如果和项目中的全局异常处理冲突，可以在配置文件中配置gc.starter.dataroom.component.DataRoomGlobalExceptionHandler=false禁用该全局异常处理
12:39:08.882 [restartedMain] INFO  c.g.d.c.e.DataRoomGlobalExceptionHandler - [init,30] - ----------------------------------------
12:39:10.136 [restartedMain] INFO  o.a.c.h.Http11NioProtocol - [log,173] - Starting ProtocolHandler ["http-nio-9712"]
12:39:10.143 [restartedMain] INFO  o.q.c.QuartzScheduler - [start,547] - Scheduler quartzScheduler_$_NON_CLUSTERED started.
12:39:10.151 [restartedMain] INFO  c.s.SiWuApplication - [logStarted,61] - Started SiWuApplication in 3.987 seconds (JVM running for 4.334)
12:39:23.196 [http-nio-9712-exec-1] INFO  o.a.c.c.C.[.[.[/] - [log,173] - Initializing Spring DispatcherServlet 'dispatcherServlet'
12:51:05.458 [http-nio-9712-exec-4] INFO  c.g.d.c.m.m.s.i.DataRoomPageServiceImpl - [saveCoverPicture,144] - 大屏封面保存至：cover/bigScreen_qhaHz1NsOl.png
12:58:03.504 [http-nio-9712-exec-2] INFO  c.g.d.c.m.b.c.s.i.BizComponentServiceImpl - [saveCoverPicture,161] - 组业务件封面保存至：cover/bizComponent_aMdYpoyGuP.png
12:58:25.364 [http-nio-9712-exec-18] INFO  c.g.d.c.m.b.c.s.i.BizComponentServiceImpl - [saveCoverPicture,161] - 组业务件封面保存至：cover/bizComponent_iqGEcONfzL.png
13:50:52.306 [SpringApplicationShutdownHook] INFO  o.q.c.QuartzScheduler - [standby,585] - Scheduler quartzScheduler_$_NON_CLUSTERED paused.
13:50:52.345 [SpringApplicationShutdownHook] INFO  o.q.c.QuartzScheduler - [shutdown,666] - Scheduler quartzScheduler_$_NON_CLUSTERED shutting down.
13:50:52.345 [SpringApplicationShutdownHook] INFO  o.q.c.QuartzScheduler - [standby,585] - Scheduler quartzScheduler_$_NON_CLUSTERED paused.
13:50:52.345 [SpringApplicationShutdownHook] INFO  o.q.c.QuartzScheduler - [shutdown,740] - Scheduler quartzScheduler_$_NON_CLUSTERED shutdown complete.
13:50:52.346 [SpringApplicationShutdownHook] INFO  sys-user - [shutdownAsyncManager,29] - ====关闭后台任务任务线程池====
13:50:52.348 [SpringApplicationShutdownHook] INFO  c.a.d.p.DruidDataSource - [close,2204] - {dataSource-1} closing ...
13:50:52.362 [SpringApplicationShutdownHook] INFO  c.a.d.p.DruidDataSource - [close,2277] - {dataSource-1} closed
13:50:55.015 [background-preinit] INFO  o.h.v.i.util.Version - [<clinit>,21] - HV000001: Hibernate Validator 6.2.5.Final
13:50:55.015 [restartedMain] INFO  c.s.SiWuApplication - [logStarting,55] - Starting SiWuApplication using Java 17.0.17 on 192.168.5.44 with PID 81449 (/Volumes/Normal SSD/azh_work/workspace/Siwu-IoT-Views-master/backend/swiot-admin/target/classes started by zhaojunhua in /Volumes/Normal SSD/azh_work/workspace/Siwu-IoT-Views-master/backend)
13:50:55.017 [restartedMain] INFO  c.s.SiWuApplication - [logStartupProfileInfo,686] - The following 1 profile is active: "dev"
13:50:56.286 [restartedMain] INFO  o.a.c.h.Http11NioProtocol - [log,173] - Initializing ProtocolHandler ["http-nio-9712"]
13:50:56.286 [restartedMain] INFO  o.a.c.c.StandardService - [log,173] - Starting service [Tomcat]
13:50:56.286 [restartedMain] INFO  o.a.c.c.StandardEngine - [log,173] - Starting Servlet engine: [Apache Tomcat/9.0.75]
13:50:56.325 [restartedMain] INFO  o.a.c.c.C.[.[.[/] - [log,173] - Initializing Spring embedded WebApplicationContext
13:50:56.946 [restartedMain] INFO  c.a.d.p.DruidDataSource - [init,1002] - {dataSource-1} inited
13:50:56.953 [restartedMain] INFO  o.a.c.c.StandardService - [log,173] - Stopping service [Tomcat]
13:50:56.970 [Druid-ConnectionPool-Create-1747100831] INFO  c.a.d.p.DruidAbstractDataSource - [setFailContinuous,1900] - {dataSource-1} failContinuous is true
13:51:10.539 [restartedMain] INFO  c.s.SiWuApplication - [logStarting,55] - Starting SiWuApplication using Java 17.0.17 on 192.168.5.44 with PID 81462 (/Volumes/Normal SSD/azh_work/workspace/Siwu-IoT-Views-master/backend/swiot-admin/target/classes started by zhaojunhua in /Volumes/Normal SSD/azh_work/workspace/Siwu-IoT-Views-master/backend)
13:51:10.540 [restartedMain] INFO  c.s.SiWuApplication - [logStartupProfileInfo,686] - The following 1 profile is active: "dev"
13:51:10.540 [background-preinit] INFO  o.h.v.i.util.Version - [<clinit>,21] - HV000001: Hibernate Validator 6.2.5.Final
13:51:11.789 [restartedMain] INFO  o.a.c.h.Http11NioProtocol - [log,173] - Initializing ProtocolHandler ["http-nio-9712"]
13:51:11.790 [restartedMain] INFO  o.a.c.c.StandardService - [log,173] - Starting service [Tomcat]
13:51:11.790 [restartedMain] INFO  o.a.c.c.StandardEngine - [log,173] - Starting Servlet engine: [Apache Tomcat/9.0.75]
13:51:11.835 [restartedMain] INFO  o.a.c.c.C.[.[.[/] - [log,173] - Initializing Spring embedded WebApplicationContext
13:51:12.472 [restartedMain] INFO  c.a.d.p.DruidDataSource - [init,1002] - {dataSource-1} inited
13:51:13.353 [restartedMain] INFO  o.q.i.StdSchedulerFactory - [instantiate,1220] - Using default implementation for ThreadExecutor
13:51:13.356 [restartedMain] INFO  o.q.c.SchedulerSignalerImpl - [<init>,61] - Initialized Scheduler Signaller of type: class org.quartz.core.SchedulerSignalerImpl
13:51:13.357 [restartedMain] INFO  o.q.c.QuartzScheduler - [<init>,229] - Quartz Scheduler v.2.3.2 created.
13:51:13.357 [restartedMain] INFO  o.q.s.RAMJobStore - [initialize,155] - RAMJobStore initialized.
13:51:13.357 [restartedMain] INFO  o.q.c.QuartzScheduler - [initialize,294] - Scheduler meta-data: Quartz Scheduler (v2.3.2) 'quartzScheduler' with instanceId 'NON_CLUSTERED'
  Scheduler class: 'org.quartz.core.QuartzScheduler' - running locally.
  NOT STARTED.
  Currently in standby mode.
  Number of jobs executed: 0
  Using thread pool 'org.quartz.simpl.SimpleThreadPool' - with 10 threads.
  Using job-store 'org.quartz.simpl.RAMJobStore' - which does not support persistence. and is not clustered.

13:51:13.357 [restartedMain] INFO  o.q.i.StdSchedulerFactory - [instantiate,1374] - Quartz scheduler 'quartzScheduler' initialized from an externally provided properties instance.
13:51:13.357 [restartedMain] INFO  o.q.i.StdSchedulerFactory - [instantiate,1378] - Quartz scheduler version: 2.3.2
13:51:13.357 [restartedMain] INFO  o.q.c.QuartzScheduler - [setJobFactory,2293] - JobFactory set to: org.springframework.scheduling.quartz.SpringBeanJobFactory@6a2897bb
13:51:13.452 [restartedMain] INFO  c.g.d.c.c.DataRoomObjectMapperConfiguration - [init,35] - ----------------------------------------
13:51:13.452 [restartedMain] INFO  c.g.d.c.c.DataRoomObjectMapperConfiguration - [init,36] - 注册 Jackson JsonOrgModule 模块
13:51:13.457 [restartedMain] INFO  c.g.d.c.c.DataRoomObjectMapperConfiguration - [init,47] - ----------------------------------------
13:51:13.474 [restartedMain] INFO  c.g.d.c.e.DataRoomGlobalExceptionHandler - [init,28] - ----------------------------------------
13:51:13.474 [restartedMain] INFO  c.g.d.c.e.DataRoomGlobalExceptionHandler - [init,29] - 初始化默认全局异常处理，如果和项目中的全局异常处理冲突，可以在配置文件中配置gc.starter.dataroom.component.DataRoomGlobalExceptionHandler=false禁用该全局异常处理
13:51:13.475 [restartedMain] INFO  c.g.d.c.e.DataRoomGlobalExceptionHandler - [init,30] - ----------------------------------------
13:51:14.666 [restartedMain] INFO  o.a.c.h.Http11NioProtocol - [log,173] - Starting ProtocolHandler ["http-nio-9712"]
13:51:14.671 [restartedMain] INFO  o.q.c.QuartzScheduler - [start,547] - Scheduler quartzScheduler_$_NON_CLUSTERED started.
13:51:14.678 [restartedMain] INFO  c.s.SiWuApplication - [logStarted,61] - Started SiWuApplication in 4.349 seconds (JVM running for 4.743)
13:51:18.993 [http-nio-9712-exec-1] INFO  o.a.c.c.C.[.[.[/] - [log,173] - Initializing Spring DispatcherServlet 'dispatcherServlet'
14:02:55.723 [http-nio-9712-exec-11] INFO  c.g.d.utils.DBUtils - [getSqlValueWithoutCheck,257] - 执行sql:show table status where comment='view'
14:02:55.723 [http-nio-9712-exec-10] INFO  c.g.d.utils.DBUtils - [getSqlValueWithoutCheck,257] - 执行sql:show tables
14:02:59.098 [http-nio-9712-exec-12] INFO  c.g.d.utils.DBUtils - [getSqlValueWithoutCheck,257] - 执行sql:show full columns from d_test
14:02:59.149 [http-nio-9712-exec-13] INFO  c.g.d.s.i.d.OriginalDataSetServiceImpl - [execute,212] - 测试数据集（类型：【原始】）， URL：【jdbc:mysql://localhost:3306/siwu_iot_2?serverTimezone=GMT%2B8&useUnicode=true&characterEncoding=utf-8&useSSL=false&useOldAliasMetadataBehavior=true】， 执行SQL：【SELECT DISTINCT id,name,parent_id,type,create_dept,create_by,create_time,update_by,update_time,remark FROM d_test】
14:02:59.153 [http-nio-9712-exec-13] INFO  c.g.d.s.i.d.MysqlDatasourceServiceImpl - [executeSqlPage,41] - 数据集数据详情计算总条数 sql语句：SELECT COUNT(1) AS COUNT FROM (SELECT DISTINCT id,name,parent_id,type,create_dept,create_by,create_time,update_by,update_time,remark FROM d_test) AS t
14:02:59.153 [http-nio-9712-exec-13] INFO  c.g.d.utils.DBUtils - [getSqlValue,241] - 执行sql:SELECT COUNT(1) AS COUNT FROM (SELECT DISTINCT id,name,parent_id,type,create_dept,create_by,create_time,update_by,update_time,remark FROM d_test) AS t
14:02:59.242 [http-nio-9712-exec-13] INFO  c.g.d.s.i.d.MysqlDatasourceServiceImpl - [executeSqlPage,55] - 数据集数据详情分页 sql语句：SELECT id,name,parent_id,type,create_dept,create_by,create_time,update_by,update_time,remark FROM (SELECT DISTINCT id,name,parent_id,type,create_dept,create_by,create_time,update_by,update_time,remark FROM d_test) AS t LIMIT 0,10
14:02:59.242 [http-nio-9712-exec-13] INFO  c.g.d.utils.DBUtils - [getSqlValue,241] - 执行sql:SELECT id,name,parent_id,type,create_dept,create_by,create_time,update_by,update_time,remark FROM (SELECT DISTINCT id,name,parent_id,type,create_dept,create_by,create_time,update_by,update_time,remark FROM d_test) AS t LIMIT 0,10
14:02:59.247 [http-nio-9712-exec-13] INFO  c.g.d.s.i.d.OriginalDataSetServiceImpl - [execute,219] - 测试数据集（类型：【原始】）结束，耗时：【106】ms
14:03:06.632 [http-nio-9712-exec-14] INFO  c.g.d.s.i.d.OriginalDataSetServiceImpl - [execute,212] - 测试数据集（类型：【原始】）， URL：【jdbc:mysql://localhost:3306/siwu_iot_2?serverTimezone=GMT%2B8&useUnicode=true&characterEncoding=utf-8&useSSL=false&useOldAliasMetadataBehavior=true】， 执行SQL：【SELECT DISTINCT name FROM d_test】
14:03:06.636 [http-nio-9712-exec-14] INFO  c.g.d.s.i.d.MysqlDatasourceServiceImpl - [executeSqlPage,41] - 数据集数据详情计算总条数 sql语句：SELECT COUNT(1) AS COUNT FROM (SELECT DISTINCT name FROM d_test) AS t
14:03:06.636 [http-nio-9712-exec-14] INFO  c.g.d.utils.DBUtils - [getSqlValue,241] - 执行sql:SELECT COUNT(1) AS COUNT FROM (SELECT DISTINCT name FROM d_test) AS t
14:03:06.643 [http-nio-9712-exec-14] INFO  c.g.d.s.i.d.MysqlDatasourceServiceImpl - [executeSqlPage,55] - 数据集数据详情分页 sql语句：SELECT name FROM (SELECT DISTINCT name FROM d_test) AS t LIMIT 0,10
14:03:06.644 [http-nio-9712-exec-14] INFO  c.g.d.utils.DBUtils - [getSqlValue,241] - 执行sql:SELECT name FROM (SELECT DISTINCT name FROM d_test) AS t LIMIT 0,10
14:03:06.650 [http-nio-9712-exec-14] INFO  c.g.d.s.i.d.OriginalDataSetServiceImpl - [execute,219] - 测试数据集（类型：【原始】）结束，耗时：【25】ms
14:03:08.078 [http-nio-9712-exec-15] INFO  c.g.d.s.i.d.OriginalDataSetServiceImpl - [execute,212] - 测试数据集（类型：【原始】）， URL：【jdbc:mysql://localhost:3306/siwu_iot_2?serverTimezone=GMT%2B8&useUnicode=true&characterEncoding=utf-8&useSSL=false&useOldAliasMetadataBehavior=true】， 执行SQL：【SELECT DISTINCT name,id FROM d_test】
14:03:08.079 [http-nio-9712-exec-15] INFO  c.g.d.s.i.d.MysqlDatasourceServiceImpl - [executeSqlPage,41] - 数据集数据详情计算总条数 sql语句：SELECT COUNT(1) AS COUNT FROM (SELECT DISTINCT name,id FROM d_test) AS t
14:03:08.079 [http-nio-9712-exec-15] INFO  c.g.d.utils.DBUtils - [getSqlValue,241] - 执行sql:SELECT COUNT(1) AS COUNT FROM (SELECT DISTINCT name,id FROM d_test) AS t
14:03:08.088 [http-nio-9712-exec-15] INFO  c.g.d.s.i.d.MysqlDatasourceServiceImpl - [executeSqlPage,55] - 数据集数据详情分页 sql语句：SELECT name,id FROM (SELECT DISTINCT name,id FROM d_test) AS t LIMIT 0,10
14:03:08.089 [http-nio-9712-exec-15] INFO  c.g.d.utils.DBUtils - [getSqlValue,241] - 执行sql:SELECT name,id FROM (SELECT DISTINCT name,id FROM d_test) AS t LIMIT 0,10
14:03:08.096 [http-nio-9712-exec-15] INFO  c.g.d.s.i.d.OriginalDataSetServiceImpl - [execute,219] - 测试数据集（类型：【原始】）结束，耗时：【22】ms
14:03:10.692 [http-nio-9712-exec-16] INFO  c.g.d.s.i.d.OriginalDataSetServiceImpl - [execute,212] - 测试数据集（类型：【原始】）， URL：【jdbc:mysql://localhost:3306/siwu_iot_2?serverTimezone=GMT%2B8&useUnicode=true&characterEncoding=utf-8&useSSL=false&useOldAliasMetadataBehavior=true】， 执行SQL：【SELECT DISTINCT id FROM d_test】
14:03:10.693 [http-nio-9712-exec-16] INFO  c.g.d.s.i.d.MysqlDatasourceServiceImpl - [executeSqlPage,41] - 数据集数据详情计算总条数 sql语句：SELECT COUNT(1) AS COUNT FROM (SELECT DISTINCT id FROM d_test) AS t
14:03:10.693 [http-nio-9712-exec-16] INFO  c.g.d.utils.DBUtils - [getSqlValue,241] - 执行sql:SELECT COUNT(1) AS COUNT FROM (SELECT DISTINCT id FROM d_test) AS t
14:03:10.715 [http-nio-9712-exec-16] INFO  c.g.d.s.i.d.MysqlDatasourceServiceImpl - [executeSqlPage,55] - 数据集数据详情分页 sql语句：SELECT id FROM (SELECT DISTINCT id FROM d_test) AS t LIMIT 0,10
14:03:10.716 [http-nio-9712-exec-16] INFO  c.g.d.utils.DBUtils - [getSqlValue,241] - 执行sql:SELECT id FROM (SELECT DISTINCT id FROM d_test) AS t LIMIT 0,10
14:03:10.721 [http-nio-9712-exec-16] INFO  c.g.d.s.i.d.OriginalDataSetServiceImpl - [execute,219] - 测试数据集（类型：【原始】）结束，耗时：【52】ms
14:03:12.441 [http-nio-9712-exec-17] INFO  c.g.d.s.i.d.OriginalDataSetServiceImpl - [execute,212] - 测试数据集（类型：【原始】）， URL：【jdbc:mysql://localhost:3306/siwu_iot_2?serverTimezone=GMT%2B8&useUnicode=true&characterEncoding=utf-8&useSSL=false&useOldAliasMetadataBehavior=true】， 执行SQL：【SELECT DISTINCT id,name FROM d_test】
14:03:12.442 [http-nio-9712-exec-17] INFO  c.g.d.s.i.d.MysqlDatasourceServiceImpl - [executeSqlPage,41] - 数据集数据详情计算总条数 sql语句：SELECT COUNT(1) AS COUNT FROM (SELECT DISTINCT id,name FROM d_test) AS t
14:03:12.442 [http-nio-9712-exec-17] INFO  c.g.d.utils.DBUtils - [getSqlValue,241] - 执行sql:SELECT COUNT(1) AS COUNT FROM (SELECT DISTINCT id,name FROM d_test) AS t
14:03:12.472 [http-nio-9712-exec-17] INFO  c.g.d.s.i.d.MysqlDatasourceServiceImpl - [executeSqlPage,55] - 数据集数据详情分页 sql语句：SELECT id,name FROM (SELECT DISTINCT id,name FROM d_test) AS t LIMIT 0,10
14:03:12.473 [http-nio-9712-exec-17] INFO  c.g.d.utils.DBUtils - [getSqlValue,241] - 执行sql:SELECT id,name FROM (SELECT DISTINCT id,name FROM d_test) AS t LIMIT 0,10
14:03:12.479 [http-nio-9712-exec-17] INFO  c.g.d.s.i.d.OriginalDataSetServiceImpl - [execute,219] - 测试数据集（类型：【原始】）结束，耗时：【43】ms
14:04:33.813 [http-nio-9712-exec-9] INFO  c.g.d.s.i.d.CustomDataSetServiceImpl - [execute,197] - 测试数据集（类型：【自助】）， 参数：【[]】， URL：【jdbc:mysql://localhost:3306/siwu_iot_2?serverTimezone=GMT%2B8&useUnicode=true&characterEncoding=utf-8&useSSL=false&useOldAliasMetadataBehavior=true】， 执行SQL：【select * from d_test where parent_id = 0】
14:04:34.268 [http-nio-9712-exec-9] INFO  c.g.d.s.i.d.MysqlDatasourceServiceImpl - [executeSqlPage,41] - 数据集数据详情计算总条数 sql语句：SELECT COUNT(1) AS COUNT FROM (select * from d_test where parent_id = 0) AS t
14:04:34.269 [http-nio-9712-exec-9] INFO  c.g.d.utils.DBUtils - [getSqlValue,241] - 执行sql:SELECT COUNT(1) AS COUNT FROM (select * from d_test where parent_id = 0) AS t
14:04:34.294 [http-nio-9712-exec-9] INFO  c.g.d.s.i.d.MysqlDatasourceServiceImpl - [executeSqlPage,55] - 数据集数据详情分页 sql语句：SELECT * FROM (select * from d_test where parent_id = 0) AS t LIMIT 0,10
14:04:34.295 [http-nio-9712-exec-9] INFO  c.g.d.utils.DBUtils - [getSqlValue,241] - 执行sql:SELECT * FROM (select * from d_test where parent_id = 0) AS t LIMIT 0,10
14:04:34.302 [http-nio-9712-exec-9] INFO  c.g.d.s.i.d.CustomDataSetServiceImpl - [execute,207] - 测试数据集（类型：【自助】）结束，耗时：【500】毫秒
14:04:34.302 [http-nio-9712-exec-9] INFO  c.g.d.utils.DBUtils - [getSqlValueWithoutCheck,257] - 执行sql:show full columns from d_test
14:04:53.843 [http-nio-9712-exec-11] INFO  c.g.d.s.i.d.CustomDataSetServiceImpl - [execute,197] - 测试数据集（类型：【自助】）， 参数：【[]】， URL：【jdbc:mysql://localhost:3306/siwu_iot_2?serverTimezone=GMT%2B8&useUnicode=true&characterEncoding=utf-8&useSSL=false&useOldAliasMetadataBehavior=true】， 执行SQL：【select id, name from d_test where parent_id = 0】
14:04:53.847 [http-nio-9712-exec-11] INFO  c.g.d.s.i.d.MysqlDatasourceServiceImpl - [executeSqlPage,41] - 数据集数据详情计算总条数 sql语句：SELECT COUNT(1) AS COUNT FROM (select id, name from d_test where parent_id = 0) AS t
14:04:53.847 [http-nio-9712-exec-11] INFO  c.g.d.utils.DBUtils - [getSqlValue,241] - 执行sql:SELECT COUNT(1) AS COUNT FROM (select id, name from d_test where parent_id = 0) AS t
14:04:53.856 [http-nio-9712-exec-11] INFO  c.g.d.s.i.d.MysqlDatasourceServiceImpl - [executeSqlPage,55] - 数据集数据详情分页 sql语句：SELECT id,name FROM (select id, name from d_test where parent_id = 0) AS t LIMIT 0,10
14:04:53.857 [http-nio-9712-exec-11] INFO  c.g.d.utils.DBUtils - [getSqlValue,241] - 执行sql:SELECT id,name FROM (select id, name from d_test where parent_id = 0) AS t LIMIT 0,10
14:04:53.864 [http-nio-9712-exec-11] INFO  c.g.d.s.i.d.CustomDataSetServiceImpl - [execute,207] - 测试数据集（类型：【自助】）结束，耗时：【26】毫秒
14:04:53.865 [http-nio-9712-exec-11] INFO  c.g.d.utils.DBUtils - [getSqlValueWithoutCheck,257] - 执行sql:show full columns from d_test
14:05:45.766 [http-nio-9712-exec-18] INFO  c.g.d.c.m.c.s.BaseChartDataService - [dataSetDataQuery,191] - 查询数据集数据，参数：[]
14:05:45.774 [http-nio-9712-exec-18] INFO  c.g.d.s.i.d.OriginalDataSetServiceImpl - [getData,168] - 执行【MySQL测试】数据集（类型：【原始】，ID:【1852152283309998085】）， URL：【jdbc:mysql://localhost:3306/siwu_iot_2?serverTimezone=GMT%2B8&useUnicode=true&characterEncoding=utf-8&useSSL=false&useOldAliasMetadataBehavior=true】， 执行SQL：【SELECT DISTINCT id,name FROM d_test】
14:05:45.775 [http-nio-9712-exec-18] INFO  c.g.d.utils.DBUtils - [getSqlValue,241] - 执行sql:SELECT DISTINCT id,name FROM d_test
14:05:45.787 [http-nio-9712-exec-18] INFO  c.g.d.s.i.d.OriginalDataSetServiceImpl - [getData,175] - 执行【MySQL测试】数据集（类型：【原始】，ID:【1852152283309998085】），耗时：【17】ms
14:06:01.683 [http-nio-9712-exec-19] INFO  c.g.d.c.m.c.s.BaseChartDataService - [dataSetDataQuery,191] - 查询数据集数据，参数：[]
14:06:01.691 [http-nio-9712-exec-19] INFO  c.g.d.s.i.d.OriginalDataSetServiceImpl - [getData,168] - 执行【MySQL测试】数据集（类型：【原始】，ID:【1852152283309998085】）， URL：【jdbc:mysql://localhost:3306/siwu_iot_2?serverTimezone=GMT%2B8&useUnicode=true&characterEncoding=utf-8&useSSL=false&useOldAliasMetadataBehavior=true】， 执行SQL：【SELECT DISTINCT id,name FROM d_test】
14:06:01.691 [http-nio-9712-exec-19] INFO  c.g.d.utils.DBUtils - [getSqlValue,241] - 执行sql:SELECT DISTINCT id,name FROM d_test
14:06:01.697 [http-nio-9712-exec-19] INFO  c.g.d.s.i.d.OriginalDataSetServiceImpl - [getData,175] - 执行【MySQL测试】数据集（类型：【原始】，ID:【1852152283309998085】），耗时：【10】ms
14:06:11.688 [http-nio-9712-exec-2] INFO  c.g.d.c.m.c.s.BaseChartDataService - [dataSetDataQuery,191] - 查询数据集数据，参数：[]
14:06:11.695 [http-nio-9712-exec-2] INFO  c.g.d.s.i.d.OriginalDataSetServiceImpl - [getData,168] - 执行【MySQL测试】数据集（类型：【原始】，ID:【1852152283309998085】）， URL：【jdbc:mysql://localhost:3306/siwu_iot_2?serverTimezone=GMT%2B8&useUnicode=true&characterEncoding=utf-8&useSSL=false&useOldAliasMetadataBehavior=true】， 执行SQL：【SELECT DISTINCT id,name FROM d_test】
14:06:11.695 [http-nio-9712-exec-2] INFO  c.g.d.utils.DBUtils - [getSqlValue,241] - 执行sql:SELECT DISTINCT id,name FROM d_test
14:06:11.702 [http-nio-9712-exec-2] INFO  c.g.d.s.i.d.OriginalDataSetServiceImpl - [getData,175] - 执行【MySQL测试】数据集（类型：【原始】，ID:【1852152283309998085】），耗时：【11】ms
14:06:26.497 [http-nio-9712-exec-8] INFO  c.g.d.utils.DBUtils - [getSqlValueWithoutCheck,257] - 执行sql:show table status where comment='view'
14:06:26.497 [http-nio-9712-exec-6] INFO  c.g.d.utils.DBUtils - [getSqlValueWithoutCheck,257] - 执行sql:show tables
14:06:26.497 [http-nio-9712-exec-7] INFO  c.g.d.utils.DBUtils - [getSqlValueWithoutCheck,257] - 执行sql:show full columns from d_test
14:06:26.499 [http-nio-9712-exec-10] INFO  c.g.d.s.i.d.OriginalDataSetServiceImpl - [execute,212] - 测试数据集（类型：【原始】）， URL：【jdbc:mysql://localhost:3306/siwu_iot_2?serverTimezone=GMT%2B8&useUnicode=true&characterEncoding=utf-8&useSSL=false&useOldAliasMetadataBehavior=true】， 执行SQL：【SELECT DISTINCT id,name FROM d_test】
14:06:26.500 [http-nio-9712-exec-10] INFO  c.g.d.s.i.d.MysqlDatasourceServiceImpl - [executeSqlPage,41] - 数据集数据详情计算总条数 sql语句：SELECT COUNT(1) AS COUNT FROM (SELECT DISTINCT id,name FROM d_test) AS t
14:06:26.501 [http-nio-9712-exec-10] INFO  c.g.d.utils.DBUtils - [getSqlValue,241] - 执行sql:SELECT COUNT(1) AS COUNT FROM (SELECT DISTINCT id,name FROM d_test) AS t
14:06:26.508 [http-nio-9712-exec-10] INFO  c.g.d.s.i.d.MysqlDatasourceServiceImpl - [executeSqlPage,55] - 数据集数据详情分页 sql语句：SELECT id,name FROM (SELECT DISTINCT id,name FROM d_test) AS t LIMIT 0,10
14:06:26.508 [http-nio-9712-exec-10] INFO  c.g.d.utils.DBUtils - [getSqlValue,241] - 执行sql:SELECT id,name FROM (SELECT DISTINCT id,name FROM d_test) AS t LIMIT 0,10
14:06:26.520 [http-nio-9712-exec-10] INFO  c.g.d.s.i.d.OriginalDataSetServiceImpl - [execute,219] - 测试数据集（类型：【原始】）结束，耗时：【25】ms
14:06:30.210 [http-nio-9712-exec-11] INFO  c.g.d.s.i.d.OriginalDataSetServiceImpl - [execute,212] - 测试数据集（类型：【原始】）， URL：【jdbc:mysql://localhost:3306/siwu_iot_2?serverTimezone=GMT%2B8&useUnicode=true&characterEncoding=utf-8&useSSL=false&useOldAliasMetadataBehavior=true】， 执行SQL：【SELECT DISTINCT id,name,parent_id FROM d_test】
14:06:30.211 [http-nio-9712-exec-11] INFO  c.g.d.s.i.d.MysqlDatasourceServiceImpl - [executeSqlPage,41] - 数据集数据详情计算总条数 sql语句：SELECT COUNT(1) AS COUNT FROM (SELECT DISTINCT id,name,parent_id FROM d_test) AS t
14:06:30.211 [http-nio-9712-exec-11] INFO  c.g.d.utils.DBUtils - [getSqlValue,241] - 执行sql:SELECT COUNT(1) AS COUNT FROM (SELECT DISTINCT id,name,parent_id FROM d_test) AS t
14:06:30.218 [http-nio-9712-exec-11] INFO  c.g.d.s.i.d.MysqlDatasourceServiceImpl - [executeSqlPage,55] - 数据集数据详情分页 sql语句：SELECT id,name,parent_id FROM (SELECT DISTINCT id,name,parent_id FROM d_test) AS t LIMIT 0,10
14:06:30.218 [http-nio-9712-exec-11] INFO  c.g.d.utils.DBUtils - [getSqlValue,241] - 执行sql:SELECT id,name,parent_id FROM (SELECT DISTINCT id,name,parent_id FROM d_test) AS t LIMIT 0,10
14:06:30.225 [http-nio-9712-exec-11] INFO  c.g.d.s.i.d.OriginalDataSetServiceImpl - [execute,219] - 测试数据集（类型：【原始】）结束，耗时：【20】ms
14:06:37.322 [http-nio-9712-exec-9] INFO  c.g.d.s.i.d.OriginalDataSetServiceImpl - [execute,212] - 测试数据集（类型：【原始】）， URL：【jdbc:mysql://localhost:3306/siwu_iot_2?serverTimezone=GMT%2B8&useUnicode=true&characterEncoding=utf-8&useSSL=false&useOldAliasMetadataBehavior=true】， 执行SQL：【SELECT DISTINCT id,name,parent_id,type FROM d_test】
14:06:37.325 [http-nio-9712-exec-9] INFO  c.g.d.s.i.d.MysqlDatasourceServiceImpl - [executeSqlPage,41] - 数据集数据详情计算总条数 sql语句：SELECT COUNT(1) AS COUNT FROM (SELECT DISTINCT id,name,parent_id,type FROM d_test) AS t
14:06:37.326 [http-nio-9712-exec-9] INFO  c.g.d.utils.DBUtils - [getSqlValue,241] - 执行sql:SELECT COUNT(1) AS COUNT FROM (SELECT DISTINCT id,name,parent_id,type FROM d_test) AS t
14:06:37.335 [http-nio-9712-exec-9] INFO  c.g.d.s.i.d.MysqlDatasourceServiceImpl - [executeSqlPage,55] - 数据集数据详情分页 sql语句：SELECT id,name,parent_id,type FROM (SELECT DISTINCT id,name,parent_id,type FROM d_test) AS t LIMIT 0,10
14:06:37.335 [http-nio-9712-exec-9] INFO  c.g.d.utils.DBUtils - [getSqlValue,241] - 执行sql:SELECT id,name,parent_id,type FROM (SELECT DISTINCT id,name,parent_id,type FROM d_test) AS t LIMIT 0,10
14:06:37.343 [http-nio-9712-exec-9] INFO  c.g.d.s.i.d.OriginalDataSetServiceImpl - [execute,219] - 测试数据集（类型：【原始】）结束，耗时：【24】ms
14:07:02.326 [http-nio-9712-exec-11] INFO  c.g.d.c.m.c.s.BaseChartDataService - [dataSetDataQuery,191] - 查询数据集数据，参数：[]
14:07:02.334 [http-nio-9712-exec-11] INFO  c.g.d.s.i.d.CustomDataSetServiceImpl - [getData,170] - 执行【MySQL查询】数据集（类型：【自助】，ID:【1852152283309998086】）， 参数：【[]】， URL：【jdbc:mysql://localhost:3306/siwu_iot_2?serverTimezone=GMT%2B8&useUnicode=true&characterEncoding=utf-8&useSSL=false&useOldAliasMetadataBehavior=true】， 执行SQL：【select id, name from d_test where parent_id = 0】
14:07:02.334 [http-nio-9712-exec-11] INFO  c.g.d.utils.DBUtils - [getSqlValue,241] - 执行sql:select id, name from d_test where parent_id = 0
14:07:02.349 [http-nio-9712-exec-11] INFO  c.g.d.s.i.d.CustomDataSetServiceImpl - [getData,176] - 执行【MySQL查询】数据集（类型：【自助】，ID:【1852152283309998086】）结束，耗时：【18】毫秒
14:07:05.473 [http-nio-9712-exec-14] INFO  c.g.d.c.m.c.s.BaseChartDataService - [dataSetDataQuery,191] - 查询数据集数据，参数：[]
14:07:05.475 [http-nio-9712-exec-14] INFO  c.g.d.s.i.d.OriginalDataSetServiceImpl - [getData,168] - 执行【MySQL测试】数据集（类型：【原始】，ID:【1852152283309998085】）， URL：【jdbc:mysql://localhost:3306/siwu_iot_2?serverTimezone=GMT%2B8&useUnicode=true&characterEncoding=utf-8&useSSL=false&useOldAliasMetadataBehavior=true】， 执行SQL：【SELECT DISTINCT id,name,parent_id,type FROM d_test】
14:07:05.476 [http-nio-9712-exec-14] INFO  c.g.d.utils.DBUtils - [getSqlValue,241] - 执行sql:SELECT DISTINCT id,name,parent_id,type FROM d_test
14:07:05.484 [http-nio-9712-exec-14] INFO  c.g.d.s.i.d.OriginalDataSetServiceImpl - [getData,175] - 执行【MySQL测试】数据集（类型：【原始】，ID:【1852152283309998085】），耗时：【11】ms
14:07:14.463 [http-nio-9712-exec-16] INFO  c.g.d.c.m.c.s.BaseChartDataService - [dataSetDataQuery,191] - 查询数据集数据，参数：[]
14:07:14.469 [http-nio-9712-exec-16] INFO  c.g.d.s.i.d.OriginalDataSetServiceImpl - [getData,168] - 执行【MySQL测试】数据集（类型：【原始】，ID:【1852152283309998085】）， URL：【jdbc:mysql://localhost:3306/siwu_iot_2?serverTimezone=GMT%2B8&useUnicode=true&characterEncoding=utf-8&useSSL=false&useOldAliasMetadataBehavior=true】， 执行SQL：【SELECT DISTINCT id,name,parent_id,type FROM d_test】
14:07:14.470 [http-nio-9712-exec-16] INFO  c.g.d.utils.DBUtils - [getSqlValue,241] - 执行sql:SELECT DISTINCT id,name,parent_id,type FROM d_test
14:07:14.477 [http-nio-9712-exec-16] INFO  c.g.d.s.i.d.OriginalDataSetServiceImpl - [getData,175] - 执行【MySQL测试】数据集（类型：【原始】，ID:【1852152283309998085】），耗时：【11】ms
14:07:17.741 [http-nio-9712-exec-13] INFO  c.g.d.c.m.c.s.BaseChartDataService - [dataSetDataQuery,191] - 查询数据集数据，参数：[]
14:07:17.746 [http-nio-9712-exec-13] INFO  c.g.d.s.i.d.OriginalDataSetServiceImpl - [getData,168] - 执行【MySQL测试】数据集（类型：【原始】，ID:【1852152283309998085】）， URL：【jdbc:mysql://localhost:3306/siwu_iot_2?serverTimezone=GMT%2B8&useUnicode=true&characterEncoding=utf-8&useSSL=false&useOldAliasMetadataBehavior=true】， 执行SQL：【SELECT DISTINCT id,name,parent_id,type FROM d_test】
14:07:17.746 [http-nio-9712-exec-13] INFO  c.g.d.utils.DBUtils - [getSqlValue,241] - 执行sql:SELECT DISTINCT id,name,parent_id,type FROM d_test
14:07:17.755 [http-nio-9712-exec-13] INFO  c.g.d.s.i.d.OriginalDataSetServiceImpl - [getData,175] - 执行【MySQL测试】数据集（类型：【原始】，ID:【1852152283309998085】），耗时：【13】ms
14:09:30.775 [http-nio-9712-exec-6] INFO  c.g.d.c.m.m.s.i.DataRoomPageServiceImpl - [saveCoverPicture,144] - 大屏封面保存至：cover/bigScreen_qhaHz1NsOl.png
14:10:22.811 [http-nio-9712-exec-1] INFO  c.g.d.c.m.m.s.i.DataRoomPageServiceImpl - [saveCoverPicture,144] - 大屏封面保存至：cover/bigScreen_qhaHz1NsOl.png
14:18:02.013 [http-nio-9712-exec-9] INFO  c.g.d.c.m.c.s.BaseChartDataService - [dataSetDataQuery,191] - 查询数据集数据，参数：[]
14:18:02.013 [http-nio-9712-exec-11] INFO  c.g.d.c.m.c.s.BaseChartDataService - [dataSetDataQuery,191] - 查询数据集数据，参数：[]
14:18:02.021 [http-nio-9712-exec-9] INFO  c.g.d.s.i.d.CustomDataSetServiceImpl - [getData,170] - 执行【MySQL查询】数据集（类型：【自助】，ID:【1852152283309998086】）， 参数：【[]】， URL：【jdbc:mysql://localhost:3306/siwu_iot_2?serverTimezone=GMT%2B8&useUnicode=true&characterEncoding=utf-8&useSSL=false&useOldAliasMetadataBehavior=true】， 执行SQL：【select id, name from d_test where parent_id = 0】
14:18:02.021 [http-nio-9712-exec-11] INFO  c.g.d.s.i.d.CustomDataSetServiceImpl - [getData,170] - 执行【MySQL查询】数据集（类型：【自助】，ID:【1852152283309998086】）， 参数：【[]】， URL：【jdbc:mysql://localhost:3306/siwu_iot_2?serverTimezone=GMT%2B8&useUnicode=true&characterEncoding=utf-8&useSSL=false&useOldAliasMetadataBehavior=true】， 执行SQL：【select id, name from d_test where parent_id = 0】
14:18:02.022 [http-nio-9712-exec-9] INFO  c.g.d.utils.DBUtils - [getSqlValue,241] - 执行sql:select id, name from d_test where parent_id = 0
14:18:02.022 [http-nio-9712-exec-11] INFO  c.g.d.utils.DBUtils - [getSqlValue,241] - 执行sql:select id, name from d_test where parent_id = 0
14:18:02.039 [http-nio-9712-exec-9] INFO  c.g.d.s.i.d.CustomDataSetServiceImpl - [getData,176] - 执行【MySQL查询】数据集（类型：【自助】，ID:【1852152283309998086】）结束，耗时：【21】毫秒
14:18:02.039 [http-nio-9712-exec-11] INFO  c.g.d.s.i.d.CustomDataSetServiceImpl - [getData,176] - 执行【MySQL查询】数据集（类型：【自助】，ID:【1852152283309998086】）结束，耗时：【21】毫秒
14:18:10.466 [http-nio-9712-exec-12] INFO  c.g.d.c.m.c.s.BaseChartDataService - [dataSetDataQuery,191] - 查询数据集数据，参数：[]
14:18:10.466 [http-nio-9712-exec-8] INFO  c.g.d.c.m.c.s.BaseChartDataService - [dataSetDataQuery,191] - 查询数据集数据，参数：[]
14:18:10.473 [http-nio-9712-exec-12] INFO  c.g.d.s.i.d.CustomDataSetServiceImpl - [getData,170] - 执行【MySQL查询】数据集（类型：【自助】，ID:【1852152283309998086】）， 参数：【[]】， URL：【jdbc:mysql://localhost:3306/siwu_iot_2?serverTimezone=GMT%2B8&useUnicode=true&characterEncoding=utf-8&useSSL=false&useOldAliasMetadataBehavior=true】， 执行SQL：【select id, name from d_test where parent_id = 0】
14:18:10.473 [http-nio-9712-exec-8] INFO  c.g.d.s.i.d.CustomDataSetServiceImpl - [getData,170] - 执行【MySQL查询】数据集（类型：【自助】，ID:【1852152283309998086】）， 参数：【[]】， URL：【jdbc:mysql://localhost:3306/siwu_iot_2?serverTimezone=GMT%2B8&useUnicode=true&characterEncoding=utf-8&useSSL=false&useOldAliasMetadataBehavior=true】， 执行SQL：【select id, name from d_test where parent_id = 0】
14:18:10.473 [http-nio-9712-exec-8] INFO  c.g.d.utils.DBUtils - [getSqlValue,241] - 执行sql:select id, name from d_test where parent_id = 0
14:18:10.473 [http-nio-9712-exec-12] INFO  c.g.d.utils.DBUtils - [getSqlValue,241] - 执行sql:select id, name from d_test where parent_id = 0
14:18:10.482 [http-nio-9712-exec-8] INFO  c.g.d.s.i.d.CustomDataSetServiceImpl - [getData,176] - 执行【MySQL查询】数据集（类型：【自助】，ID:【1852152283309998086】）结束，耗时：【13】毫秒
14:18:10.482 [http-nio-9712-exec-12] INFO  c.g.d.s.i.d.CustomDataSetServiceImpl - [getData,176] - 执行【MySQL查询】数据集（类型：【自助】，ID:【1852152283309998086】）结束，耗时：【13】毫秒
14:18:15.782 [http-nio-9712-exec-14] INFO  c.g.d.c.m.c.s.BaseChartDataService - [dataSetDataQuery,191] - 查询数据集数据，参数：[]
14:18:15.782 [http-nio-9712-exec-16] INFO  c.g.d.c.m.c.s.BaseChartDataService - [dataSetDataQuery,191] - 查询数据集数据，参数：[]
14:18:15.790 [http-nio-9712-exec-16] INFO  c.g.d.s.i.d.CustomDataSetServiceImpl - [getData,170] - 执行【MySQL查询】数据集（类型：【自助】，ID:【1852152283309998086】）， 参数：【[]】， URL：【jdbc:mysql://localhost:3306/siwu_iot_2?serverTimezone=GMT%2B8&useUnicode=true&characterEncoding=utf-8&useSSL=false&useOldAliasMetadataBehavior=true】， 执行SQL：【select id, name from d_test where parent_id = 0】
14:18:15.790 [http-nio-9712-exec-14] INFO  c.g.d.s.i.d.CustomDataSetServiceImpl - [getData,170] - 执行【MySQL查询】数据集（类型：【自助】，ID:【1852152283309998086】）， 参数：【[]】， URL：【jdbc:mysql://localhost:3306/siwu_iot_2?serverTimezone=GMT%2B8&useUnicode=true&characterEncoding=utf-8&useSSL=false&useOldAliasMetadataBehavior=true】， 执行SQL：【select id, name from d_test where parent_id = 0】
14:18:15.792 [http-nio-9712-exec-14] INFO  c.g.d.utils.DBUtils - [getSqlValue,241] - 执行sql:select id, name from d_test where parent_id = 0
14:18:15.792 [http-nio-9712-exec-16] INFO  c.g.d.utils.DBUtils - [getSqlValue,241] - 执行sql:select id, name from d_test where parent_id = 0
14:18:15.808 [http-nio-9712-exec-14] INFO  c.g.d.s.i.d.CustomDataSetServiceImpl - [getData,176] - 执行【MySQL查询】数据集（类型：【自助】，ID:【1852152283309998086】）结束，耗时：【26】毫秒
14:18:15.814 [http-nio-9712-exec-16] INFO  c.g.d.s.i.d.CustomDataSetServiceImpl - [getData,176] - 执行【MySQL查询】数据集（类型：【自助】，ID:【1852152283309998086】）结束，耗时：【31】毫秒
14:18:15.907 [http-nio-9712-exec-15] INFO  c.g.d.c.m.c.s.BaseChartDataService - [dataSetDataQuery,191] - 查询数据集数据，参数：[]
14:18:15.907 [http-nio-9712-exec-20] INFO  c.g.d.c.m.c.s.BaseChartDataService - [dataSetDataQuery,191] - 查询数据集数据，参数：[]
14:18:15.911 [http-nio-9712-exec-15] INFO  c.g.d.s.i.d.CustomDataSetServiceImpl - [getData,170] - 执行【MySQL查询】数据集（类型：【自助】，ID:【1852152283309998086】）， 参数：【[]】， URL：【jdbc:mysql://localhost:3306/siwu_iot_2?serverTimezone=GMT%2B8&useUnicode=true&characterEncoding=utf-8&useSSL=false&useOldAliasMetadataBehavior=true】， 执行SQL：【select id, name from d_test where parent_id = 0】
14:18:15.911 [http-nio-9712-exec-20] INFO  c.g.d.s.i.d.CustomDataSetServiceImpl - [getData,170] - 执行【MySQL查询】数据集（类型：【自助】，ID:【1852152283309998086】）， 参数：【[]】， URL：【jdbc:mysql://localhost:3306/siwu_iot_2?serverTimezone=GMT%2B8&useUnicode=true&characterEncoding=utf-8&useSSL=false&useOldAliasMetadataBehavior=true】， 执行SQL：【select id, name from d_test where parent_id = 0】
14:18:15.912 [http-nio-9712-exec-20] INFO  c.g.d.utils.DBUtils - [getSqlValue,241] - 执行sql:select id, name from d_test where parent_id = 0
14:18:15.912 [http-nio-9712-exec-15] INFO  c.g.d.utils.DBUtils - [getSqlValue,241] - 执行sql:select id, name from d_test where parent_id = 0
14:18:15.922 [http-nio-9712-exec-20] INFO  c.g.d.s.i.d.CustomDataSetServiceImpl - [getData,176] - 执行【MySQL查询】数据集（类型：【自助】，ID:【1852152283309998086】）结束，耗时：【15】毫秒
14:18:15.923 [http-nio-9712-exec-15] INFO  c.g.d.s.i.d.CustomDataSetServiceImpl - [getData,176] - 执行【MySQL查询】数据集（类型：【自助】，ID:【1852152283309998086】）结束，耗时：【16】毫秒
14:18:33.716 [http-nio-9712-exec-13] INFO  c.g.d.c.m.c.s.BaseChartDataService - [dataSetDataQuery,191] - 查询数据集数据，参数：[]
14:18:33.716 [http-nio-9712-exec-19] INFO  c.g.d.c.m.c.s.BaseChartDataService - [dataSetDataQuery,191] - 查询数据集数据，参数：[]
14:18:33.728 [http-nio-9712-exec-13] INFO  c.g.d.s.i.d.CustomDataSetServiceImpl - [getData,170] - 执行【MySQL查询】数据集（类型：【自助】，ID:【1852152283309998086】）， 参数：【[]】， URL：【jdbc:mysql://localhost:3306/siwu_iot_2?serverTimezone=GMT%2B8&useUnicode=true&characterEncoding=utf-8&useSSL=false&useOldAliasMetadataBehavior=true】， 执行SQL：【select id, name from d_test where parent_id = 0】
14:18:33.728 [http-nio-9712-exec-19] INFO  c.g.d.s.i.d.CustomDataSetServiceImpl - [getData,170] - 执行【MySQL查询】数据集（类型：【自助】，ID:【1852152283309998086】）， 参数：【[]】， URL：【jdbc:mysql://localhost:3306/siwu_iot_2?serverTimezone=GMT%2B8&useUnicode=true&characterEncoding=utf-8&useSSL=false&useOldAliasMetadataBehavior=true】， 执行SQL：【select id, name from d_test where parent_id = 0】
14:18:33.728 [http-nio-9712-exec-13] INFO  c.g.d.utils.DBUtils - [getSqlValue,241] - 执行sql:select id, name from d_test where parent_id = 0
14:18:33.728 [http-nio-9712-exec-19] INFO  c.g.d.utils.DBUtils - [getSqlValue,241] - 执行sql:select id, name from d_test where parent_id = 0
14:18:33.744 [http-nio-9712-exec-19] INFO  c.g.d.s.i.d.CustomDataSetServiceImpl - [getData,176] - 执行【MySQL查询】数据集（类型：【自助】，ID:【1852152283309998086】）结束，耗时：【24】毫秒
14:18:33.744 [http-nio-9712-exec-13] INFO  c.g.d.s.i.d.CustomDataSetServiceImpl - [getData,176] - 执行【MySQL查询】数据集（类型：【自助】，ID:【1852152283309998086】）结束，耗时：【24】毫秒
14:18:35.171 [http-nio-9712-exec-18] INFO  c.g.d.c.m.c.s.BaseChartDataService - [dataSetDataQuery,191] - 查询数据集数据，参数：[]
14:18:35.171 [http-nio-9712-exec-17] INFO  c.g.d.c.m.c.s.BaseChartDataService - [dataSetDataQuery,191] - 查询数据集数据，参数：[]
14:18:35.174 [http-nio-9712-exec-17] INFO  c.g.d.s.i.d.CustomDataSetServiceImpl - [getData,170] - 执行【MySQL查询】数据集（类型：【自助】，ID:【1852152283309998086】）， 参数：【[]】， URL：【jdbc:mysql://localhost:3306/siwu_iot_2?serverTimezone=GMT%2B8&useUnicode=true&characterEncoding=utf-8&useSSL=false&useOldAliasMetadataBehavior=true】， 执行SQL：【select id, name from d_test where parent_id = 0】
14:18:35.174 [http-nio-9712-exec-18] INFO  c.g.d.s.i.d.CustomDataSetServiceImpl - [getData,170] - 执行【MySQL查询】数据集（类型：【自助】，ID:【1852152283309998086】）， 参数：【[]】， URL：【jdbc:mysql://localhost:3306/siwu_iot_2?serverTimezone=GMT%2B8&useUnicode=true&characterEncoding=utf-8&useSSL=false&useOldAliasMetadataBehavior=true】， 执行SQL：【select id, name from d_test where parent_id = 0】
14:18:35.175 [http-nio-9712-exec-17] INFO  c.g.d.utils.DBUtils - [getSqlValue,241] - 执行sql:select id, name from d_test where parent_id = 0
14:18:35.175 [http-nio-9712-exec-18] INFO  c.g.d.utils.DBUtils - [getSqlValue,241] - 执行sql:select id, name from d_test where parent_id = 0
14:18:35.183 [http-nio-9712-exec-18] INFO  c.g.d.s.i.d.CustomDataSetServiceImpl - [getData,176] - 执行【MySQL查询】数据集（类型：【自助】，ID:【1852152283309998086】）结束，耗时：【11】毫秒
14:18:35.183 [http-nio-9712-exec-17] INFO  c.g.d.s.i.d.CustomDataSetServiceImpl - [getData,176] - 执行【MySQL查询】数据集（类型：【自助】，ID:【1852152283309998086】）结束，耗时：【11】毫秒
14:18:45.215 [http-nio-9712-exec-5] INFO  c.g.d.c.m.m.s.i.DataRoomPageServiceImpl - [saveCoverPicture,144] - 大屏封面保存至：cover/bigScreen_qhaHz1NsOl.png
14:18:46.951 [http-nio-9712-exec-14] INFO  c.g.d.c.m.c.s.BaseChartDataService - [dataSetDataQuery,191] - 查询数据集数据，参数：[]
14:18:46.952 [http-nio-9712-exec-12] INFO  c.g.d.c.m.c.s.BaseChartDataService - [dataSetDataQuery,191] - 查询数据集数据，参数：[]
14:18:46.955 [http-nio-9712-exec-14] INFO  c.g.d.s.i.d.CustomDataSetServiceImpl - [getData,170] - 执行【MySQL查询】数据集（类型：【自助】，ID:【1852152283309998086】）， 参数：【[]】， URL：【jdbc:mysql://localhost:3306/siwu_iot_2?serverTimezone=GMT%2B8&useUnicode=true&characterEncoding=utf-8&useSSL=false&useOldAliasMetadataBehavior=true】， 执行SQL：【select id, name from d_test where parent_id = 0】
14:18:46.955 [http-nio-9712-exec-14] INFO  c.g.d.utils.DBUtils - [getSqlValue,241] - 执行sql:select id, name from d_test where parent_id = 0
14:18:46.957 [http-nio-9712-exec-12] INFO  c.g.d.s.i.d.CustomDataSetServiceImpl - [getData,170] - 执行【MySQL查询】数据集（类型：【自助】，ID:【1852152283309998086】）， 参数：【[]】， URL：【jdbc:mysql://localhost:3306/siwu_iot_2?serverTimezone=GMT%2B8&useUnicode=true&characterEncoding=utf-8&useSSL=false&useOldAliasMetadataBehavior=true】， 执行SQL：【select id, name from d_test where parent_id = 0】
14:18:46.957 [http-nio-9712-exec-12] INFO  c.g.d.utils.DBUtils - [getSqlValue,241] - 执行sql:select id, name from d_test where parent_id = 0
14:18:46.961 [http-nio-9712-exec-14] INFO  c.g.d.s.i.d.CustomDataSetServiceImpl - [getData,176] - 执行【MySQL查询】数据集（类型：【自助】，ID:【1852152283309998086】）结束，耗时：【10】毫秒
14:18:46.962 [http-nio-9712-exec-12] INFO  c.g.d.s.i.d.CustomDataSetServiceImpl - [getData,176] - 执行【MySQL查询】数据集（类型：【自助】，ID:【1852152283309998086】）结束，耗时：【8】毫秒
14:18:57.664 [http-nio-9712-exec-5] INFO  c.g.d.c.m.c.s.BaseChartDataService - [dataSetDataQuery,191] - 查询数据集数据，参数：[]
14:18:57.664 [http-nio-9712-exec-2] INFO  c.g.d.c.m.c.s.BaseChartDataService - [dataSetDataQuery,191] - 查询数据集数据，参数：[]
14:18:57.669 [http-nio-9712-exec-5] INFO  c.g.d.s.i.d.CustomDataSetServiceImpl - [getData,170] - 执行【MySQL查询】数据集（类型：【自助】，ID:【1852152283309998086】）， 参数：【[]】， URL：【jdbc:mysql://localhost:3306/siwu_iot_2?serverTimezone=GMT%2B8&useUnicode=true&characterEncoding=utf-8&useSSL=false&useOldAliasMetadataBehavior=true】， 执行SQL：【select id, name from d_test where parent_id = 0】
14:18:57.669 [http-nio-9712-exec-2] INFO  c.g.d.s.i.d.CustomDataSetServiceImpl - [getData,170] - 执行【MySQL查询】数据集（类型：【自助】，ID:【1852152283309998086】）， 参数：【[]】， URL：【jdbc:mysql://localhost:3306/siwu_iot_2?serverTimezone=GMT%2B8&useUnicode=true&characterEncoding=utf-8&useSSL=false&useOldAliasMetadataBehavior=true】， 执行SQL：【select id, name from d_test where parent_id = 0】
14:18:57.669 [http-nio-9712-exec-2] INFO  c.g.d.utils.DBUtils - [getSqlValue,241] - 执行sql:select id, name from d_test where parent_id = 0
14:18:57.669 [http-nio-9712-exec-5] INFO  c.g.d.utils.DBUtils - [getSqlValue,241] - 执行sql:select id, name from d_test where parent_id = 0
14:18:57.683 [http-nio-9712-exec-5] INFO  c.g.d.s.i.d.CustomDataSetServiceImpl - [getData,176] - 执行【MySQL查询】数据集（类型：【自助】，ID:【1852152283309998086】）结束，耗时：【18】毫秒
14:18:57.683 [http-nio-9712-exec-2] INFO  c.g.d.s.i.d.CustomDataSetServiceImpl - [getData,176] - 执行【MySQL查询】数据集（类型：【自助】，ID:【1852152283309998086】）结束，耗时：【18】毫秒
14:19:16.167 [http-nio-9712-exec-9] INFO  c.g.d.c.m.c.s.BaseChartDataService - [dataSetDataQuery,191] - 查询数据集数据，参数：[]
14:19:16.167 [http-nio-9712-exec-11] INFO  c.g.d.c.m.c.s.BaseChartDataService - [dataSetDataQuery,191] - 查询数据集数据，参数：[]
14:19:16.174 [http-nio-9712-exec-9] INFO  c.g.d.s.i.d.CustomDataSetServiceImpl - [getData,170] - 执行【MySQL查询】数据集（类型：【自助】，ID:【1852152283309998086】）， 参数：【[]】， URL：【jdbc:mysql://localhost:3306/siwu_iot_2?serverTimezone=GMT%2B8&useUnicode=true&characterEncoding=utf-8&useSSL=false&useOldAliasMetadataBehavior=true】， 执行SQL：【select id, name from d_test where parent_id = 0】
14:19:16.174 [http-nio-9712-exec-11] INFO  c.g.d.s.i.d.CustomDataSetServiceImpl - [getData,170] - 执行【MySQL查询】数据集（类型：【自助】，ID:【1852152283309998086】）， 参数：【[]】， URL：【jdbc:mysql://localhost:3306/siwu_iot_2?serverTimezone=GMT%2B8&useUnicode=true&characterEncoding=utf-8&useSSL=false&useOldAliasMetadataBehavior=true】， 执行SQL：【select id, name from d_test where parent_id = 0】
14:19:16.174 [http-nio-9712-exec-9] INFO  c.g.d.utils.DBUtils - [getSqlValue,241] - 执行sql:select id, name from d_test where parent_id = 0
14:19:16.174 [http-nio-9712-exec-11] INFO  c.g.d.utils.DBUtils - [getSqlValue,241] - 执行sql:select id, name from d_test where parent_id = 0
14:19:16.191 [http-nio-9712-exec-9] INFO  c.g.d.s.i.d.CustomDataSetServiceImpl - [getData,176] - 执行【MySQL查询】数据集（类型：【自助】，ID:【1852152283309998086】）结束，耗时：【24】毫秒
14:19:16.191 [http-nio-9712-exec-11] INFO  c.g.d.s.i.d.CustomDataSetServiceImpl - [getData,176] - 执行【MySQL查询】数据集（类型：【自助】，ID:【1852152283309998086】）结束，耗时：【24】毫秒
14:23:13.612 [SpringApplicationShutdownHook] INFO  o.q.c.QuartzScheduler - [standby,585] - Scheduler quartzScheduler_$_NON_CLUSTERED paused.
14:23:13.641 [SpringApplicationShutdownHook] INFO  o.q.c.QuartzScheduler - [shutdown,666] - Scheduler quartzScheduler_$_NON_CLUSTERED shutting down.
14:23:13.641 [SpringApplicationShutdownHook] INFO  o.q.c.QuartzScheduler - [standby,585] - Scheduler quartzScheduler_$_NON_CLUSTERED paused.
14:23:13.641 [SpringApplicationShutdownHook] INFO  o.q.c.QuartzScheduler - [shutdown,740] - Scheduler quartzScheduler_$_NON_CLUSTERED shutdown complete.
14:23:13.641 [SpringApplicationShutdownHook] INFO  sys-user - [shutdownAsyncManager,29] - ====关闭后台任务任务线程池====
14:23:13.646 [SpringApplicationShutdownHook] INFO  c.a.d.p.DruidDataSource - [close,2204] - {dataSource-1} closing ...
14:23:13.657 [SpringApplicationShutdownHook] INFO  c.a.d.p.DruidDataSource - [close,2277] - {dataSource-1} closed
14:51:41.314 [background-preinit] INFO  o.h.v.i.util.Version - [<clinit>,21] - HV000001: Hibernate Validator 6.2.5.Final
14:51:41.314 [restartedMain] INFO  c.s.SiWuApplication - [logStarting,55] - Starting SiWuApplication using Java 17.0.17 on 192.168.5.44 with PID 84229 (/Volumes/Normal SSD/azh_work/workspace/Siwu-IoT-Views-master/backend/swiot-admin/target/classes started by zhaojunhua in /Volumes/Normal SSD/azh_work/workspace/Siwu-IoT-Views-master/backend)
14:51:41.315 [restartedMain] INFO  c.s.SiWuApplication - [logStartupProfileInfo,686] - The following 1 profile is active: "dev"
14:51:42.630 [restartedMain] INFO  o.a.c.h.Http11NioProtocol - [log,173] - Initializing ProtocolHandler ["http-nio-9712"]
14:51:42.631 [restartedMain] INFO  o.a.c.c.StandardService - [log,173] - Starting service [Tomcat]
14:51:42.631 [restartedMain] INFO  o.a.c.c.StandardEngine - [log,173] - Starting Servlet engine: [Apache Tomcat/9.0.75]
14:51:42.686 [restartedMain] INFO  o.a.c.c.C.[.[.[/] - [log,173] - Initializing Spring embedded WebApplicationContext
14:51:43.375 [restartedMain] INFO  c.a.d.p.DruidDataSource - [init,1002] - {dataSource-1} inited
14:51:44.555 [restartedMain] INFO  o.q.i.StdSchedulerFactory - [instantiate,1220] - Using default implementation for ThreadExecutor
14:51:44.560 [restartedMain] INFO  o.q.c.SchedulerSignalerImpl - [<init>,61] - Initialized Scheduler Signaller of type: class org.quartz.core.SchedulerSignalerImpl
14:51:44.560 [restartedMain] INFO  o.q.c.QuartzScheduler - [<init>,229] - Quartz Scheduler v.2.3.2 created.
14:51:44.560 [restartedMain] INFO  o.q.s.RAMJobStore - [initialize,155] - RAMJobStore initialized.
14:51:44.560 [restartedMain] INFO  o.q.c.QuartzScheduler - [initialize,294] - Scheduler meta-data: Quartz Scheduler (v2.3.2) 'quartzScheduler' with instanceId 'NON_CLUSTERED'
  Scheduler class: 'org.quartz.core.QuartzScheduler' - running locally.
  NOT STARTED.
  Currently in standby mode.
  Number of jobs executed: 0
  Using thread pool 'org.quartz.simpl.SimpleThreadPool' - with 10 threads.
  Using job-store 'org.quartz.simpl.RAMJobStore' - which does not support persistence. and is not clustered.

14:51:44.561 [restartedMain] INFO  o.q.i.StdSchedulerFactory - [instantiate,1374] - Quartz scheduler 'quartzScheduler' initialized from an externally provided properties instance.
14:51:44.561 [restartedMain] INFO  o.q.i.StdSchedulerFactory - [instantiate,1378] - Quartz scheduler version: 2.3.2
14:51:44.561 [restartedMain] INFO  o.q.c.QuartzScheduler - [setJobFactory,2293] - JobFactory set to: org.springframework.scheduling.quartz.SpringBeanJobFactory@490da39a
14:51:44.669 [restartedMain] INFO  c.g.d.c.c.DataRoomObjectMapperConfiguration - [init,35] - ----------------------------------------
14:51:44.669 [restartedMain] INFO  c.g.d.c.c.DataRoomObjectMapperConfiguration - [init,36] - 注册 Jackson JsonOrgModule 模块
14:51:44.673 [restartedMain] INFO  c.g.d.c.c.DataRoomObjectMapperConfiguration - [init,47] - ----------------------------------------
14:51:44.694 [restartedMain] INFO  c.g.d.c.e.DataRoomGlobalExceptionHandler - [init,28] - ----------------------------------------
14:51:44.694 [restartedMain] INFO  c.g.d.c.e.DataRoomGlobalExceptionHandler - [init,29] - 初始化默认全局异常处理，如果和项目中的全局异常处理冲突，可以在配置文件中配置gc.starter.dataroom.component.DataRoomGlobalExceptionHandler=false禁用该全局异常处理
14:51:44.694 [restartedMain] INFO  c.g.d.c.e.DataRoomGlobalExceptionHandler - [init,30] - ----------------------------------------
14:51:46.240 [restartedMain] INFO  o.a.c.h.Http11NioProtocol - [log,173] - Starting ProtocolHandler ["http-nio-9712"]
14:51:46.249 [restartedMain] INFO  o.q.c.QuartzScheduler - [start,547] - Scheduler quartzScheduler_$_NON_CLUSTERED started.
14:51:46.256 [restartedMain] INFO  c.s.SiWuApplication - [logStarted,61] - Started SiWuApplication in 5.163 seconds (JVM running for 5.534)
14:51:53.685 [http-nio-9712-exec-1] INFO  o.a.c.c.C.[.[.[/] - [log,173] - Initializing Spring DispatcherServlet 'dispatcherServlet'
15:09:11.975 [SpringApplicationShutdownHook] INFO  o.q.c.QuartzScheduler - [standby,585] - Scheduler quartzScheduler_$_NON_CLUSTERED paused.
15:09:12.104 [SpringApplicationShutdownHook] INFO  o.q.c.QuartzScheduler - [shutdown,666] - Scheduler quartzScheduler_$_NON_CLUSTERED shutting down.
15:09:12.104 [SpringApplicationShutdownHook] INFO  o.q.c.QuartzScheduler - [standby,585] - Scheduler quartzScheduler_$_NON_CLUSTERED paused.
15:09:12.104 [SpringApplicationShutdownHook] INFO  o.q.c.QuartzScheduler - [shutdown,740] - Scheduler quartzScheduler_$_NON_CLUSTERED shutdown complete.
15:09:12.104 [SpringApplicationShutdownHook] INFO  sys-user - [shutdownAsyncManager,29] - ====关闭后台任务任务线程池====
15:09:12.110 [SpringApplicationShutdownHook] INFO  c.a.d.p.DruidDataSource - [close,2204] - {dataSource-1} closing ...
15:09:12.112 [SpringApplicationShutdownHook] INFO  c.a.d.p.DruidDataSource - [close,2277] - {dataSource-1} closed
15:09:17.455 [restartedMain] INFO  c.s.SiWuApplication - [logStarting,55] - Starting SiWuApplication using Java 17.0.17 on 192.168.5.44 with PID 84821 (/Volumes/Normal SSD/azh_work/workspace/Siwu-IoT-Views-master/backend/swiot-admin/target/classes started by zhaojunhua in /Volumes/Normal SSD/azh_work/workspace/Siwu-IoT-Views-master/backend)
15:09:17.456 [restartedMain] INFO  c.s.SiWuApplication - [logStartupProfileInfo,686] - The following 1 profile is active: "dev"
15:09:17.457 [background-preinit] INFO  o.h.v.i.util.Version - [<clinit>,21] - HV000001: Hibernate Validator 6.2.5.Final
15:09:18.763 [restartedMain] INFO  o.a.c.h.Http11NioProtocol - [log,173] - Initializing ProtocolHandler ["http-nio-9712"]
15:09:18.764 [restartedMain] INFO  o.a.c.c.StandardService - [log,173] - Starting service [Tomcat]
15:09:18.764 [restartedMain] INFO  o.a.c.c.StandardEngine - [log,173] - Starting Servlet engine: [Apache Tomcat/9.0.75]
15:09:18.808 [restartedMain] INFO  o.a.c.c.C.[.[.[/] - [log,173] - Initializing Spring embedded WebApplicationContext
15:09:19.444 [restartedMain] INFO  c.a.d.p.DruidDataSource - [init,1002] - {dataSource-1} inited
15:09:20.435 [restartedMain] INFO  o.q.i.StdSchedulerFactory - [instantiate,1220] - Using default implementation for ThreadExecutor
15:09:20.439 [restartedMain] INFO  o.q.c.SchedulerSignalerImpl - [<init>,61] - Initialized Scheduler Signaller of type: class org.quartz.core.SchedulerSignalerImpl
15:09:20.440 [restartedMain] INFO  o.q.c.QuartzScheduler - [<init>,229] - Quartz Scheduler v.2.3.2 created.
15:09:20.440 [restartedMain] INFO  o.q.s.RAMJobStore - [initialize,155] - RAMJobStore initialized.
15:09:20.440 [restartedMain] INFO  o.q.c.QuartzScheduler - [initialize,294] - Scheduler meta-data: Quartz Scheduler (v2.3.2) 'quartzScheduler' with instanceId 'NON_CLUSTERED'
  Scheduler class: 'org.quartz.core.QuartzScheduler' - running locally.
  NOT STARTED.
  Currently in standby mode.
  Number of jobs executed: 0
  Using thread pool 'org.quartz.simpl.SimpleThreadPool' - with 10 threads.
  Using job-store 'org.quartz.simpl.RAMJobStore' - which does not support persistence. and is not clustered.

15:09:20.440 [restartedMain] INFO  o.q.i.StdSchedulerFactory - [instantiate,1374] - Quartz scheduler 'quartzScheduler' initialized from an externally provided properties instance.
15:09:20.440 [restartedMain] INFO  o.q.i.StdSchedulerFactory - [instantiate,1378] - Quartz scheduler version: 2.3.2
15:09:20.440 [restartedMain] INFO  o.q.c.QuartzScheduler - [setJobFactory,2293] - JobFactory set to: org.springframework.scheduling.quartz.SpringBeanJobFactory@13768f36
15:09:20.528 [restartedMain] INFO  c.g.d.c.c.DataRoomObjectMapperConfiguration - [init,35] - ----------------------------------------
15:09:20.528 [restartedMain] INFO  c.g.d.c.c.DataRoomObjectMapperConfiguration - [init,36] - 注册 Jackson JsonOrgModule 模块
15:09:20.532 [restartedMain] INFO  c.g.d.c.c.DataRoomObjectMapperConfiguration - [init,47] - ----------------------------------------
15:09:20.548 [restartedMain] INFO  c.g.d.c.e.DataRoomGlobalExceptionHandler - [init,28] - ----------------------------------------
15:09:20.548 [restartedMain] INFO  c.g.d.c.e.DataRoomGlobalExceptionHandler - [init,29] - 初始化默认全局异常处理，如果和项目中的全局异常处理冲突，可以在配置文件中配置gc.starter.dataroom.component.DataRoomGlobalExceptionHandler=false禁用该全局异常处理
15:09:20.549 [restartedMain] INFO  c.g.d.c.e.DataRoomGlobalExceptionHandler - [init,30] - ----------------------------------------
15:09:21.772 [restartedMain] INFO  o.a.c.h.Http11NioProtocol - [log,173] - Starting ProtocolHandler ["http-nio-9712"]
15:09:21.778 [restartedMain] INFO  o.q.c.QuartzScheduler - [start,547] - Scheduler quartzScheduler_$_NON_CLUSTERED started.
15:09:21.790 [restartedMain] INFO  c.s.SiWuApplication - [logStarted,61] - Started SiWuApplication in 4.493 seconds (JVM running for 4.805)
15:36:01.938 [SpringApplicationShutdownHook] INFO  o.q.c.QuartzScheduler - [standby,585] - Scheduler quartzScheduler_$_NON_CLUSTERED paused.
15:36:02.102 [SpringApplicationShutdownHook] INFO  o.q.c.QuartzScheduler - [shutdown,666] - Scheduler quartzScheduler_$_NON_CLUSTERED shutting down.
15:36:02.102 [SpringApplicationShutdownHook] INFO  o.q.c.QuartzScheduler - [standby,585] - Scheduler quartzScheduler_$_NON_CLUSTERED paused.
15:36:02.103 [SpringApplicationShutdownHook] INFO  o.q.c.QuartzScheduler - [shutdown,740] - Scheduler quartzScheduler_$_NON_CLUSTERED shutdown complete.
15:36:02.103 [SpringApplicationShutdownHook] INFO  sys-user - [shutdownAsyncManager,29] - ====关闭后台任务任务线程池====
15:36:02.110 [SpringApplicationShutdownHook] INFO  c.a.d.p.DruidDataSource - [close,2204] - {dataSource-1} closing ...
15:36:02.111 [SpringApplicationShutdownHook] INFO  c.a.d.p.DruidDataSource - [close,2277] - {dataSource-1} closed
