09:16:51.587 [restartedMain] INFO  c.s.SiWuApplication - [logStarting,55] - Starting SiWuApplication using Java 17.0.16 on 192.168.5.35 with PID 63566 (/Volumes/Normal SSD/azh_work/workspace/Siwu-IoT-Views-master/backend/swiot-admin/target/classes started by zhaojunhua in /Volumes/Normal SSD/azh_work/workspace/Siwu-IoT-Views-master/backend)
09:16:51.587 [background-preinit] INFO  o.h.v.i.util.Version - [<clinit>,21] - HV000001: Hibernate Validator 6.2.5.Final
09:16:51.588 [restartedMain] INFO  c.s.SiWuApplication - [logStartupProfileInfo,686] - The following 1 profile is active: "dev"
09:16:52.808 [restartedMain] INFO  o.a.c.h.Http11NioProtocol - [log,173] - Initializing ProtocolHandler ["http-nio-9712"]
09:16:52.808 [restartedMain] INFO  o.a.c.c.StandardService - [log,173] - Starting service [Tomcat]
09:16:52.808 [restartedMain] INFO  o.a.c.c.StandardEngine - [log,173] - Starting Servlet engine: [Apache Tomcat/9.0.75]
09:16:52.848 [restartedMain] INFO  o.a.c.c.C.[.[.[/] - [log,173] - Initializing Spring embedded WebApplicationContext
09:16:53.565 [restartedMain] INFO  c.a.d.p.DruidDataSource - [init,1002] - {dataSource-1} inited
09:16:54.522 [restartedMain] INFO  o.q.i.StdSchedulerFactory - [instantiate,1220] - Using default implementation for ThreadExecutor
09:16:54.526 [restartedMain] INFO  o.q.c.SchedulerSignalerImpl - [<init>,61] - Initialized Scheduler Signaller of type: class org.quartz.core.SchedulerSignalerImpl
09:16:54.526 [restartedMain] INFO  o.q.c.QuartzScheduler - [<init>,229] - Quartz Scheduler v.2.3.2 created.
09:16:54.526 [restartedMain] INFO  o.q.s.RAMJobStore - [initialize,155] - RAMJobStore initialized.
09:16:54.526 [restartedMain] INFO  o.q.c.QuartzScheduler - [initialize,294] - Scheduler meta-data: Quartz Scheduler (v2.3.2) 'quartzScheduler' with instanceId 'NON_CLUSTERED'
  Scheduler class: 'org.quartz.core.QuartzScheduler' - running locally.
  NOT STARTED.
  Currently in standby mode.
  Number of jobs executed: 0
  Using thread pool 'org.quartz.simpl.SimpleThreadPool' - with 10 threads.
  Using job-store 'org.quartz.simpl.RAMJobStore' - which does not support persistence. and is not clustered.

09:16:54.526 [restartedMain] INFO  o.q.i.StdSchedulerFactory - [instantiate,1374] - Quartz scheduler 'quartzScheduler' initialized from an externally provided properties instance.
09:16:54.526 [restartedMain] INFO  o.q.i.StdSchedulerFactory - [instantiate,1378] - Quartz scheduler version: 2.3.2
09:16:54.527 [restartedMain] INFO  o.q.c.QuartzScheduler - [setJobFactory,2293] - JobFactory set to: org.springframework.scheduling.quartz.SpringBeanJobFactory@33fba50e
09:16:54.637 [restartedMain] INFO  c.g.d.c.c.DataRoomObjectMapperConfiguration - [init,36] - ----------------------------------------
09:16:54.637 [restartedMain] INFO  c.g.d.c.c.DataRoomObjectMapperConfiguration - [init,37] - 注册 Jackson JsonOrgModule 模块
09:16:54.643 [restartedMain] INFO  c.g.d.c.c.DataRoomObjectMapperConfiguration - [init,48] - ----------------------------------------
09:16:54.659 [restartedMain] INFO  c.g.d.c.e.DataRoomGlobalExceptionHandler - [init,30] - ----------------------------------------
09:16:54.660 [restartedMain] INFO  c.g.d.c.e.DataRoomGlobalExceptionHandler - [init,31] - 初始化默认全局异常处理，如果和项目中的全局异常处理冲突，可以在配置文件中配置gc.starter.dataroom.component.DataRoomGlobalExceptionHandler=false禁用该全局异常处理
09:16:54.660 [restartedMain] INFO  c.g.d.c.e.DataRoomGlobalExceptionHandler - [init,32] - ----------------------------------------
09:16:55.963 [restartedMain] INFO  o.a.c.h.Http11NioProtocol - [log,173] - Starting ProtocolHandler ["http-nio-9712"]
09:16:55.974 [restartedMain] INFO  o.q.c.QuartzScheduler - [start,547] - Scheduler quartzScheduler_$_NON_CLUSTERED started.
09:16:55.982 [restartedMain] INFO  c.s.SiWuApplication - [logStarted,61] - Started SiWuApplication in 4.556 seconds (JVM running for 4.942)
09:20:56.021 [http-nio-9712-exec-1] INFO  o.a.c.c.C.[.[.[/] - [log,173] - Initializing Spring DispatcherServlet 'dispatcherServlet'
09:22:09.419 [schedule-pool-1] INFO  sys-user - [run,55] - [127.0.0.1]内网IP[admin][Success][登录成功]
09:26:20.427 [http-nio-9712-exec-16] INFO  c.g.d.c.m.c.s.BaseChartDataService - [dataSetDataQuery,195] - 查询数据集数据，参数：[{"name":"username","type":"string","value":"jonehoo","status":1,"require":null,"remark":null},{"name":"password","type":"string","value":"427819aa..","status":1,"require":null,"remark":null},{"name":"url","type":"string","value":"119.4.52.122:1883","status":1,"require":null,"remark":null}]
09:26:20.427 [http-nio-9712-exec-14] INFO  c.g.d.c.m.c.s.BaseChartDataService - [dataSetDataQuery,195] - 查询数据集数据，参数：[{"name":"username","type":"string","value":"jonehoo","status":1,"require":null,"remark":null},{"name":"password","type":"string","value":"427819aa..","status":1,"require":null,"remark":null},{"name":"url","type":"string","value":"119.4.52.122:1883","status":1,"require":null,"remark":null}]
09:27:14.412 [SpringApplicationShutdownHook] INFO  o.q.c.QuartzScheduler - [standby,585] - Scheduler quartzScheduler_$_NON_CLUSTERED paused.
09:27:14.458 [SpringApplicationShutdownHook] INFO  o.q.c.QuartzScheduler - [shutdown,666] - Scheduler quartzScheduler_$_NON_CLUSTERED shutting down.
09:27:14.459 [SpringApplicationShutdownHook] INFO  o.q.c.QuartzScheduler - [standby,585] - Scheduler quartzScheduler_$_NON_CLUSTERED paused.
09:27:14.459 [SpringApplicationShutdownHook] INFO  o.q.c.QuartzScheduler - [shutdown,740] - Scheduler quartzScheduler_$_NON_CLUSTERED shutdown complete.
09:27:14.459 [SpringApplicationShutdownHook] INFO  sys-user - [shutdownAsyncManager,31] - ====关闭后台任务任务线程池====
09:27:14.461 [SpringApplicationShutdownHook] INFO  c.a.d.p.DruidDataSource - [close,2204] - {dataSource-1} closing ...
09:27:14.477 [SpringApplicationShutdownHook] INFO  c.a.d.p.DruidDataSource - [close,2277] - {dataSource-1} closed
